Archive member included to satisfy reference by file (symbol)

c:/vsarm/armcc/12977f~1.2mp/bin/../lib/gcc/arm-none-eabi/12.2.1/thumb/v6-m/nofp\libgcc.a(_dvmd_tls.o)
                              CMakeFiles/thermistor.dir/C_/VSARM/sdk/pico/pico-sdk/src/rp2_common/pico_divider/divider.S.obj (__aeabi_idiv0)
c:/vsarm/armcc/12977f~1.2mp/bin/../lib/gcc/arm-none-eabi/12.2.1/thumb/v6-m/nofp\libg.a(libc_a-calloc.o)
                              CMakeFiles/thermistor.dir/C_/VSARM/sdk/pico/pico-sdk/src/rp2_common/pico_malloc/pico_malloc.c.obj (calloc)
c:/vsarm/armcc/12977f~1.2mp/bin/../lib/gcc/arm-none-eabi/12.2.1/thumb/v6-m/nofp\libg.a(libc_a-callocr.o)
                              c:/vsarm/armcc/12977f~1.2mp/bin/../lib/gcc/arm-none-eabi/12.2.1/thumb/v6-m/nofp\libg.a(libc_a-calloc.o) (_calloc_r)
c:/vsarm/armcc/12977f~1.2mp/bin/../lib/gcc/arm-none-eabi/12.2.1/thumb/v6-m/nofp\libg.a(libc_a-malloc.o)
                              CMakeFiles/thermistor.dir/C_/VSARM/sdk/pico/pico-sdk/src/rp2_common/pico_malloc/pico_malloc.c.obj (malloc)
c:/vsarm/armcc/12977f~1.2mp/bin/../lib/gcc/arm-none-eabi/12.2.1/thumb/v6-m/nofp\libg.a(libc_a-mallocr.o)
                              c:/vsarm/armcc/12977f~1.2mp/bin/../lib/gcc/arm-none-eabi/12.2.1/thumb/v6-m/nofp\libg.a(libc_a-callocr.o) (_malloc_r)
c:/vsarm/armcc/12977f~1.2mp/bin/../lib/gcc/arm-none-eabi/12.2.1/thumb/v6-m/nofp\libg.a(libc_a-mlock.o)
                              c:/vsarm/armcc/12977f~1.2mp/bin/../lib/gcc/arm-none-eabi/12.2.1/thumb/v6-m/nofp\libg.a(libc_a-mallocr.o) (__malloc_lock)
c:/vsarm/armcc/12977f~1.2mp/bin/../lib/gcc/arm-none-eabi/12.2.1/thumb/v6-m/nofp\libg.a(libc_a-realloc.o)
                              CMakeFiles/thermistor.dir/C_/VSARM/sdk/pico/pico-sdk/src/rp2_common/pico_malloc/pico_malloc.c.obj (realloc)
c:/vsarm/armcc/12977f~1.2mp/bin/../lib/gcc/arm-none-eabi/12.2.1/thumb/v6-m/nofp\libg.a(libc_a-reallocr.o)
                              c:/vsarm/armcc/12977f~1.2mp/bin/../lib/gcc/arm-none-eabi/12.2.1/thumb/v6-m/nofp\libg.a(libc_a-realloc.o) (_realloc_r)
c:/vsarm/armcc/12977f~1.2mp/bin/../lib/gcc/arm-none-eabi/12.2.1/thumb/v6-m/nofp\libg.a(libc_a-memmove.o)
                              c:/vsarm/armcc/12977f~1.2mp/bin/../lib/gcc/arm-none-eabi/12.2.1/thumb/v6-m/nofp\libg.a(libc_a-reallocr.o) (memmove)
c:/vsarm/armcc/12977f~1.2mp/bin/../lib/gcc/arm-none-eabi/12.2.1/thumb/v6-m/nofp\libg.a(libc_a-impure.o)
                              c:/vsarm/armcc/12977f~1.2mp/bin/../lib/gcc/arm-none-eabi/12.2.1/thumb/v6-m/nofp\libg.a(libc_a-calloc.o) (_impure_ptr)
c:/vsarm/armcc/12977f~1.2mp/bin/../lib/gcc/arm-none-eabi/12.2.1/thumb/v6-m/nofp\libg.a(libc_a-sbrkr.o)
                              c:/vsarm/armcc/12977f~1.2mp/bin/../lib/gcc/arm-none-eabi/12.2.1/thumb/v6-m/nofp\libg.a(libc_a-mallocr.o) (_sbrk_r)
c:/vsarm/armcc/12977f~1.2mp/bin/../lib/gcc/arm-none-eabi/12.2.1/thumb/v6-m/nofp\libg.a(libc_a-errno.o)
                              c:/vsarm/armcc/12977f~1.2mp/bin/../lib/gcc/arm-none-eabi/12.2.1/thumb/v6-m/nofp\libg.a(libc_a-callocr.o) (__errno)
c:/vsarm/armcc/12977f~1.2mp/bin/../lib/gcc/arm-none-eabi/12.2.1/thumb/v6-m/nofp\libg.a(libc_a-init.o)
                              c:/vsarm/armcc/12977f~1.2mp/bin/../lib/gcc/arm-none-eabi/12.2.1/thumb/v6-m/nofp/crt0.o (__libc_init_array)
c:/vsarm/armcc/12977f~1.2mp/bin/../lib/gcc/arm-none-eabi/12.2.1/thumb/v6-m/nofp\libg.a(libc_a-lock.o)
                              c:/vsarm/armcc/12977f~1.2mp/bin/../lib/gcc/arm-none-eabi/12.2.1/thumb/v6-m/nofp\libg.a(libc_a-mlock.o) (__retarget_lock_acquire_recursive)
c:/vsarm/armcc/12977f~1.2mp/bin/../lib/gcc/arm-none-eabi/12.2.1/thumb/v6-m/nofp\libg.a(libc_a-sysconf.o)
                              c:/vsarm/armcc/12977f~1.2mp/bin/../lib/gcc/arm-none-eabi/12.2.1/thumb/v6-m/nofp\libg.a(libc_a-mallocr.o) (sysconf)
c:/vsarm/armcc/12977f~1.2mp/bin/../lib/gcc/arm-none-eabi/12.2.1/thumb/v6-m/nofp\libg.a(libc_a-strlen-stub.o)
                              CMakeFiles/thermistor.dir/C_/VSARM/sdk/pico/pico-sdk/src/rp2_common/pico_stdio/stdio.c.obj (strlen)
c:/vsarm/armcc/12977f~1.2mp/bin/../lib/gcc/arm-none-eabi/12.2.1/thumb/v6-m/nofp\libg.a(libc_a-freer.o)
                              c:/vsarm/armcc/12977f~1.2mp/bin/../lib/gcc/arm-none-eabi/12.2.1/thumb/v6-m/nofp\libg.a(libc_a-malloc.o) (_free_r)
c:/vsarm/armcc/12977f~1.2mp/bin/../lib/gcc/arm-none-eabi/12.2.1/thumb/v6-m/nofp\libg.a(libc_a-findfp.o)
                              c:/vsarm/armcc/12977f~1.2mp/bin/../lib/gcc/arm-none-eabi/12.2.1/thumb/v6-m/nofp\libg.a(libc_a-impure.o) (__sf)
c:/vsarm/armcc/12977f~1.2mp/bin/../lib/gcc/arm-none-eabi/12.2.1/thumb/v6-m/nofp\libg.a(libc_a-fwalk.o)
                              c:/vsarm/armcc/12977f~1.2mp/bin/../lib/gcc/arm-none-eabi/12.2.1/thumb/v6-m/nofp\libg.a(libc_a-findfp.o) (_fwalk_sglue)
c:/vsarm/armcc/12977f~1.2mp/bin/../lib/gcc/arm-none-eabi/12.2.1/thumb/v6-m/nofp\libg.a(libc_a-stdio.o)
[...]
Memory Configuration

Name             Origin             Length             Attributes
FLASH            0x10000000         0x00200000         xr
RAM              0x20000000         0x00040000         xrw
SCRATCH_X        0x20040000         0x00001000         xrw
SCRATCH_Y        0x20041000         0x00001000         xrw
*default*        0x00000000         0xffffffff

Linker script and memory map

LOAD c:/vsarm/armcc/12977f~1.2mp/bin/../lib/gcc/arm-none-eabi/12.2.1/thumb/v6-m/nofp/crti.o
LOAD c:/vsarm/armcc/12977f~1.2mp/bin/../lib/gcc/arm-none-eabi/12.2.1/thumb/v6-m/nofp/crtbegin.o
LOAD c:/vsarm/armcc/12977f~1.2mp/bin/../lib/gcc/arm-none-eabi/12.2.1/thumb/v6-m/nofp/crt0.o

.flash_begin    0x10000000        0x0
                0x10000000                        __flash_binary_start = .

.boot2          0x10000000      0x100
                0x10000000                        __boot2_start__ = .
 *(.boot2)
 .boot2         0x10000000      0x100 C:\Users\dylan\AppData\Local\Temp\ccUOAntr.o
                0x10000100                        __boot2_end__ = .
                0x00000001                        ASSERT (((__boot2_end__ - __boot2_start__) == 0x100), ERROR: Pico second stage bootloader must be 256 bytes in size)

.text           0x10000100     0x78f0
                0x10000100                        __logical_binary_start = .
 *(.vectors)
 .vectors       0x10000100       0xd4 CMakeFiles/thermistor.dir/C_/VSARM/sdk/pico/pico-sdk/src/rp2_common/pico_standard_link/crt0.S.obj
                0x10000100                __VECTOR_TABLE
                0x10000100                __vectors
                0x100001c0                isr_invalid
                0x100001c0                __default_isrs_start
                0x100001c2                isr_nmi
                0x100001c4                isr_hardfault
                0x100001c6                isr_svcall
                0x100001c8                isr_pendsv
                0x100001ca                isr_systick
                0x100001cc                isr_irq23
                0x100001cc                isr_irq18
                0x100001cc                isr_irq11
                0x100001cc                isr_irq28
                0x100001cc                isr_irq19
                0x100001cc                isr_irq0
                0x100001cc                isr_irq6
                0x100001cc                isr_irq5
                0x100001cc                isr_irq12
                0x100001cc                isr_irq22
                0x100001cc                isr_irq31
                0x100001cc                isr_irq17
                0x100001cc                isr_irq27
                0x100001cc                isr_irq30
                0x100001cc                isr_irq2
                0x100001cc                isr_irq10
                0x100001cc                isr_irq8
                0x100001cc                isr_irq24
                0x100001cc                isr_irq1
                0x100001cc                isr_irq7
                0x100001cc                isr_irq21
                0x100001cc                isr_irq20
                0x100001cc                isr_irq15
                0x100001cc                isr_irq25
                0x100001cc                isr_irq13
                0x100001cc                __unhandled_user_irq
                0x100001cc                isr_irq4
                0x100001cc                isr_irq16
                0x100001cc                isr_irq29
                0x100001cc                isr_irq26
                0x100001cc                __default_isrs_end
                0x100001cc                isr_irq3
                0x100001cc                isr_irq14
                0x100001cc                isr_irq9
                0x100001d2                unhandled_user_irq_num_in_r0
 *(.binary_info_header)
 .binary_info_header
                0x100001d4       0x14 CMakeFiles/thermistor.dir/C_/VSARM/sdk/pico/pico-sdk/src/rp2_common/pico_standard_link/crt0.S.obj
                0x100001e8                        __binary_info_header_end = .
 *(.reset)
 .reset         0x100001e8       0xa0 CMakeFiles/thermistor.dir/C_/VSARM/sdk/pico/pico-sdk/src/rp2_common/pico_standard_link/crt0.S.obj
                0x100001e8                _entry_point
 .reset         0x10000288       0x30 CMakeFiles/thermistor.dir/C_/VSARM/sdk/pico/pico-sdk/src/rp2_common/pico_standard_link/binary_info.c.obj
 *(.init)
 .init          0x100002b8        0x4 c:/vsarm/armcc/12977f~1.2mp/bin/../lib/gcc/arm-none-eabi/12.2.1/thumb/v6-m/nofp/crti.o
                0x100002b8                _init
 *(EXCLUDE_FILE(*libm.a: *libc.a:*lib_a-mem*.o *libgcc.a:) .text*)
 .text.register_tm_clones
                0x100002bc       0x28 c:/vsarm/armcc/12977f~1.2mp/bin/../lib/gcc/arm-none-eabi/12.2.1/thumb/v6-m/nofp/crtbegin.o
 .text.frame_dummy
                0x100002e4       0x24 c:/vsarm/armcc/12977f~1.2mp/bin/../lib/gcc/arm-none-eabi/12.2.1/thumb/v6-m/nofp/crtbegin.o
 .text.adc_gpio_init
                0x10000308       0x1e CMakeFiles/thermistor.dir/thermistor.cpp.obj
 *fill*         0x10000326        0x2 
 .text.main     0x10000328      0x148 CMakeFiles/thermistor.dir/thermistor.cpp.obj
                0x10000328                main
 .text.gpio_set_function
                0x10000470       0x30 CMakeFiles/thermistor.dir/C_/VSARM/sdk/pico/pico-sdk/src/rp2_common/hardware_gpio/gpio.c.obj
                0x10000470                gpio_set_function
 .text.gpio_set_pulls
                0x100004a0       0x34 CMakeFiles/thermistor.dir/C_/VSARM/sdk/pico/pico-sdk/src/rp2_common/hardware_gpio/gpio.c.obj
                0x100004a0                gpio_set_pulls
 .text.gpio_set_input_enabled
                0x100004d4       0x30 CMakeFiles/thermistor.dir/C_/VSARM/sdk/pico/pico-sdk/src/rp2_common/hardware_gpio/gpio.c.obj
                0x100004d4                gpio_set_input_enabled
 .text.running_on_fpga
                0x10000504       0x14 CMakeFiles/thermistor.dir/C_/VSARM/sdk/pico/pico-sdk/src/rp2_common/pico_platform/platform.c.obj
                0x10000504                running_on_fpga
 .text.hw_claim_lock
                0x10000518       0x18 CMakeFiles/thermistor.dir/C_/VSARM/sdk/pico/pico-sdk/src/rp2_common/hardware_claim/claim.c.obj
                0x10000518                hw_claim_lock
 .text.hw_claim_unlock
                0x10000530       0x14 CMakeFiles/thermistor.dir/C_/VSARM/sdk/pico/pico-sdk/src/rp2_common/hardware_claim/claim.c.obj
                0x10000530                hw_claim_unlock
 .text.hw_claim_or_assert
                0x10000544       0x32 CMakeFiles/thermistor.dir/C_/VSARM/sdk/pico/pico-sdk/src/rp2_common/hardware_claim/claim.c.obj
                0x10000544                hw_claim_or_assert
 .text.hw_claim_unused_from_range
                0x10000576       0x50 CMakeFiles/thermistor.dir/C_/VSARM/sdk/pico/pico-sdk/src/rp2_common/hardware_claim/claim.c.obj
                0x10000576                hw_claim_unused_from_range
 *fill*         0x100005c6        0x2 
 .text.spin_locks_reset
                0x100005c8       0x20 CMakeFiles/thermistor.dir/C_/VSARM/sdk/pico/pico-sdk/src/rp2_common/hardware_sync/sync.c.obj
                0x100005c8                spin_locks_reset
 .text.next_striped_spin_lock_num
                0x100005e8       0x1c CMakeFiles/thermistor.dir/C_/VSARM/sdk/pico/pico-sdk/src/rp2_common/hardware_sync/sync.c.obj
                0x100005e8                next_striped_spin_lock_num
 .text.spin_lock_claim_unused
                0x10000604       0x24 CMakeFiles/thermistor.dir/C_/VSARM/sdk/pico/pico-sdk/src/rp2_common/hardware_sync/sync.c.obj
                0x10000604                spin_lock_claim_unused
 .text.set_raw_irq_handler_and_unlock
                0x10000628       0x28 CMakeFiles/thermistor.dir/C_/VSARM/sdk/pico/pico-sdk/src/rp2_common/hardware_irq/irq.c.obj
 .text.resolve_branch
                0x10000650       0x30 CMakeFiles/thermistor.dir/C_/VSARM/sdk/pico/pico-sdk/src/rp2_common/hardware_irq/irq.c.obj
 .text.make_branch
                0x10000680       0x48 CMakeFiles/thermistor.dir/C_/VSARM/sdk/pico/pico-sdk/src/rp2_common/hardware_irq/irq.c.obj
 .text.insert_branch_and_link
                0x100006c8       0x40 CMakeFiles/thermistor.dir/C_/VSARM/sdk/pico/pico-sdk/src/rp2_common/hardware_irq/irq.c.obj
 .text.irq_is_enabled
                0x10000708       0x18 CMakeFiles/thermistor.dir/C_/VSARM/sdk/pico/pico-sdk/src/rp2_common/hardware_irq/irq.c.obj
                0x10000708                irq_is_enabled
 .text.irq_set_mask_enabled
                0x10000720       0x20 CMakeFiles/thermistor.dir/C_/VSARM/sdk/pico/pico-sdk/src/rp2_common/hardware_irq/irq.c.obj
                0x10000720                irq_set_mask_enabled
 .text.irq_set_enabled
                0x10000740        0xe CMakeFiles/thermistor.dir/C_/VSARM/sdk/pico/pico-sdk/src/rp2_common/hardware_irq/irq.c.obj
                0x10000740                irq_set_enabled
 *fill*         0x1000074e        0x2 
 .text.irq_set_pending
                0x10000750       0x10 CMakeFiles/thermistor.dir/C_/VSARM/sdk/pico/pico-sdk/src/rp2_common/hardware_irq/irq.c.obj
                0x10000750                irq_set_pending
 .text.irq_get_vtable_handler
                0x10000760       0x10 CMakeFiles/thermistor.dir/C_/VSARM/sdk/pico/pico-sdk/src/rp2_common/hardware_irq/irq.c.obj
                0x10000760                irq_get_vtable_handler
 .text.irq_has_shared_handler
                0x10000770       0x24 CMakeFiles/thermistor.dir/C_/VSARM/sdk/pico/pico-sdk/src/rp2_common/hardware_irq/irq.c.obj
                0x10000770                irq_has_shared_handler
 .text.irq_set_exclusive_handler
                0x10000794       0x54 CMakeFiles/thermistor.dir/C_/VSARM/sdk/pico/pico-sdk/src/rp2_common/hardware_irq/irq.c.obj
                0x10000794                irq_set_exclusive_handler
 .text.irq_add_shared_handler
                0x100007e8      0x210 CMakeFiles/thermistor.dir/C_/VSARM/sdk/pico/pico-sdk/src/rp2_common/hardware_irq/irq.c.obj
                0x100007e8                irq_add_shared_handler
 .text.irq_remove_handler
                0x100009f8      0x188 CMakeFiles/thermistor.dir/C_/VSARM/sdk/pico/pico-sdk/src/rp2_common/hardware_irq/irq.c.obj
                0x100009f8                irq_remove_handler
 .text.irq_add_tail_to_free_list
                0x10000b80       0xf0 CMakeFiles/thermistor.dir/C_/VSARM/sdk/pico/pico-sdk/src/rp2_common/hardware_irq/irq.c.obj
                0x10000b80                irq_add_tail_to_free_list
 .text.irq_init_priorities
                0x10000c70       0x1c CMakeFiles/thermistor.dir/C_/VSARM/sdk/pico/pico-sdk/src/rp2_common/hardware_irq/irq.c.obj
                0x10000c70                irq_init_priorities
 .text.user_irq_claim_unused
                0x10000c8c       0x2c CMakeFiles/thermistor.dir/C_/VSARM/sdk/pico/pico-sdk/src/rp2_common/hardware_irq/irq.c.obj
                0x10000c8c                user_irq_claim_unused
 .text.lock_init
                0x10000cb8       0x10 CMakeFiles/thermistor.dir/C_/VSARM/sdk/pico/pico-sdk/src/common/pico_sync/lock_core.c.obj
                0x10000cb8                lock_init
 .text.update_us_since_boot
                0x10000cc8       0x24 CMakeFiles/thermistor.dir/C_/VSARM/sdk/pico/pico-sdk/src/common/pico_sync/mutex.c.obj
 .text.delayed_by_ms
                0x10000cec       0x44 CMakeFiles/thermistor.dir/C_/VSARM/sdk/pico/pico-sdk/src/common/pico_sync/mutex.c.obj
 .text.get_absolute_time
                0x10000d30       0x22 CMakeFiles/thermistor.dir/C_/VSARM/sdk/pico/pico-sdk/src/common/pico_sync/mutex.c.obj
 .text.make_timeout_time_ms
                0x10000d52       0x20 CMakeFiles/thermistor.dir/C_/VSARM/sdk/pico/pico-sdk/src/common/pico_sync/mutex.c.obj
 .text.mutex_init
                0x10000d72       0x1a CMakeFiles/thermistor.dir/C_/VSARM/sdk/pico/pico-sdk/src/common/pico_sync/mutex.c.obj
                0x10000d72                mutex_init
 .text.recursive_mutex_init
                0x10000d8c       0x1e CMakeFiles/thermistor.dir/C_/VSARM/sdk/pico/pico-sdk/src/common/pico_sync/mutex.c.obj
                0x10000d8c                recursive_mutex_init
 *fill*         0x10000daa        0x2 
 .text.critical_section_init_with_lock_num
                0x10000dac       0x14 CMakeFiles/thermistor.dir/C_/VSARM/sdk/pico/pico-sdk/src/common/pico_sync/critical_section.c.obj
                0x10000dac                critical_section_init_with_lock_num
 .text.critical_section_init
                0x10000dc0       0x14 CMakeFiles/thermistor.dir/C_/VSARM/sdk/pico/pico-sdk/src/common/pico_sync/critical_section.c.obj
                0x10000dc0                critical_section_init
 .text.time_reached
                0x10000dd4       0x28 CMakeFiles/thermistor.dir/C_/VSARM/sdk/pico/pico-sdk/src/common/pico_time/time.c.obj
 .text.get_entry
                0x10000dfc       0x38 CMakeFiles/thermistor.dir/C_/VSARM/sdk/pico/pico-sdk/src/common/pico_time/time.c.obj
 .text.timer_pool_entry_comparator
                0x10000e34       0x2e CMakeFiles/thermistor.dir/C_/VSARM/sdk/pico/pico-sdk/src/common/pico_time/time.c.obj
                0x10000e34                timer_pool_entry_comparator
 *fill*         0x10000e62        0x2 
 .text.update_us_since_boot
                0x10000e64       0x24 CMakeFiles/thermistor.dir/C_/VSARM/sdk/pico/pico-sdk/src/common/pico_time/time.c.obj
 .text.delayed_by_us
                0x10000e88       0x34 CMakeFiles/thermistor.dir/C_/VSARM/sdk/pico/pico-sdk/src/common/pico_time/time.c.obj
 .text.ph_get_node
                0x10000ebc       0x30 CMakeFiles/thermistor.dir/C_/VSARM/sdk/pico/pico-sdk/src/common/pico_time/time.c.obj
 .text.ph_contains_node
                0x10000eec       0x1e CMakeFiles/thermistor.dir/C_/VSARM/sdk/pico/pico-sdk/src/common/pico_time/time.c.obj
 .text.ph_new_node
                0x10000f0a       0x28 CMakeFiles/thermistor.dir/C_/VSARM/sdk/pico/pico-sdk/src/common/pico_time/time.c.obj
 *fill*         0x10000f32        0x2 
 .text.ph_add_child_node
                0x10000f34       0x6c CMakeFiles/thermistor.dir/C_/VSARM/sdk/pico/pico-sdk/src/common/pico_time/time.c.obj
 .text.ph_merge_nodes
                0x10000fa0       0x3e CMakeFiles/thermistor.dir/C_/VSARM/sdk/pico/pico-sdk/src/common/pico_time/time.c.obj
 *fill*         0x10000fde        0x2 
 .text.ph_insert_node
                0x10000fe0       0x3c CMakeFiles/thermistor.dir/C_/VSARM/sdk/pico/pico-sdk/src/common/pico_time/time.c.obj
 .text.ph_free_node
                0x1000101c       0x5c CMakeFiles/thermistor.dir/C_/VSARM/sdk/pico/pico-sdk/src/common/pico_time/time.c.obj
 .text.get_entry_id_high
                0x10001078       0x30 CMakeFiles/thermistor.dir/C_/VSARM/sdk/pico/pico-sdk/src/common/pico_time/time.c.obj
 .text.alarm_pool_post_alloc_init
                0x100010a8       0x40 CMakeFiles/thermistor.dir/C_/VSARM/sdk/pico/pico-sdk/src/common/pico_time/time.c.obj
 .text.sleep_until_callback
                0x100010e8       0x30 CMakeFiles/thermistor.dir/C_/VSARM/sdk/pico/pico-sdk/src/common/pico_time/time.c.obj
 .text.get_absolute_time
                0x10001118       0x22 CMakeFiles/thermistor.dir/C_/VSARM/sdk/pico/pico-sdk/src/common/pico_time/time.c.obj
 .text.make_timeout_time_us
                0x1000113a       0x24 CMakeFiles/thermistor.dir/C_/VSARM/sdk/pico/pico-sdk/src/common/pico_time/time.c.obj
 *fill*         0x1000115e        0x2 
 .text.add_alarm_under_lock
                0x10001160       0x94 CMakeFiles/thermistor.dir/C_/VSARM/sdk/pico/pico-sdk/src/common/pico_time/time.c.obj
 .text.alarm_pool_alarm_callback
                0x100011f4      0x20c CMakeFiles/thermistor.dir/C_/VSARM/sdk/pico/pico-sdk/src/common/pico_time/time.c.obj
 .text.alarm_pool_init_default
                0x10001400       0x40 CMakeFiles/thermistor.dir/C_/VSARM/sdk/pico/pico-sdk/src/common/pico_time/time.c.obj
                0x10001400                alarm_pool_init_default
 .text.alarm_pool_get_default
                0x10001440       0x2c CMakeFiles/thermistor.dir/C_/VSARM/sdk/pico/pico-sdk/src/common/pico_time/time.c.obj
                0x10001440                alarm_pool_get_default
 .text.alarm_pool_add_alarm_at
                0x1000146c      0x10e CMakeFiles/thermistor.dir/C_/VSARM/sdk/pico/pico-sdk/src/common/pico_time/time.c.obj
                0x1000146c                alarm_pool_add_alarm_at
 .text.add_alarm_at
                0x1000157a       0x2e CMakeFiles/thermistor.dir/C_/VSARM/sdk/pico/pico-sdk/src/common/pico_time/time.c.obj
 .text.alarm_pool_cancel_alarm
                0x100015a8       0xa0 CMakeFiles/thermistor.dir/C_/VSARM/sdk/pico/pico-sdk/src/common/pico_time/time.c.obj
                0x100015a8                alarm_pool_cancel_alarm
 .text.cancel_alarm
                0x10001648       0x10 CMakeFiles/thermistor.dir/C_/VSARM/sdk/pico/pico-sdk/src/common/pico_time/time.c.obj
 .text.alarm_pool_core_num
                0x10001658        0x4 CMakeFiles/thermistor.dir/C_/VSARM/sdk/pico/pico-sdk/src/common/pico_time/time.c.obj
                0x10001658                alarm_pool_core_num
 .text.sleep_until
                0x1000165c       0xb0 CMakeFiles/thermistor.dir/C_/VSARM/sdk/pico/pico-sdk/src/common/pico_time/time.c.obj
                0x1000165c                sleep_until
 .text.sleep_us
                0x1000170c       0x1a CMakeFiles/thermistor.dir/C_/VSARM/sdk/pico/pico-sdk/src/common/pico_time/time.c.obj
                0x1000170c                sleep_us
 .text.sleep_ms
                0x10001726       0x14 CMakeFiles/thermistor.dir/C_/VSARM/sdk/pico/pico-sdk/src/common/pico_time/time.c.obj
                0x10001726                sleep_ms
 *fill*         0x1000173a        0x2 
 .text.best_effort_wfe_or_timeout
                0x1000173c       0x44 CMakeFiles/thermistor.dir/C_/VSARM/sdk/pico/pico-sdk/src/common/pico_time/time.c.obj
                0x1000173c                best_effort_wfe_or_timeout
 .text.hardware_alarm_irq_handler
                0x10001780       0x8c CMakeFiles/thermistor.dir/C_/VSARM/sdk/pico/pico-sdk/src/rp2_common/hardware_timer/timer.c.obj
 .text.hardware_alarm_claim
                0x1000180c       0x18 CMakeFiles/thermistor.dir/C_/VSARM/sdk/pico/pico-sdk/src/rp2_common/hardware_timer/timer.c.obj
                0x1000180c                hardware_alarm_claim
 .text.time_us_64
                0x10001824       0x18 CMakeFiles/thermistor.dir/C_/VSARM/sdk/pico/pico-sdk/src/rp2_common/hardware_timer/timer.c.obj
                0x10001824                time_us_64
 .text.busy_wait_until
                0x1000183c       0x28 CMakeFiles/thermistor.dir/C_/VSARM/sdk/pico/pico-sdk/src/rp2_common/hardware_timer/timer.c.obj
                0x1000183c                busy_wait_until
 .text.hardware_alarm_set_callback
                0x10001864       0x90 CMakeFiles/thermistor.dir/C_/VSARM/sdk/pico/pico-sdk/src/rp2_common/hardware_timer/timer.c.obj
                0x10001864                hardware_alarm_set_callback
 .text.hardware_alarm_set_target
                0x100018f4       0xe8 CMakeFiles/thermistor.dir/C_/VSARM/sdk/pico/pico-sdk/src/rp2_common/hardware_timer/timer.c.obj
                0x100018f4                hardware_alarm_set_target
 .text.hardware_alarm_cancel
                0x100019dc       0x40 CMakeFiles/thermistor.dir/C_/VSARM/sdk/pico/pico-sdk/src/rp2_common/hardware_timer/timer.c.obj
                0x100019dc                hardware_alarm_cancel
 .text.ph_get_node
                0x10001a1c       0x30 CMakeFiles/thermistor.dir/C_/VSARM/sdk/pico/pico-sdk/src/common/pico_util/pheap.c.obj
 .text.ph_add_child_node
                0x10001a4c       0x6c CMakeFiles/thermistor.dir/C_/VSARM/sdk/pico/pico-sdk/src/common/pico_util/pheap.c.obj
 .text.ph_merge_nodes
                0x10001ab8       0x3e CMakeFiles/thermistor.dir/C_/VSARM/sdk/pico/pico-sdk/src/common/pico_util/pheap.c.obj
 .text.ph_clear
                0x10001af6       0x34 CMakeFiles/thermistor.dir/C_/VSARM/sdk/pico/pico-sdk/src/common/pico_util/pheap.c.obj
                0x10001af6                ph_clear
 .text.ph_post_alloc_init
                0x10001b2a        0xe CMakeFiles/thermistor.dir/C_/VSARM/sdk/pico/pico-sdk/src/common/pico_util/pheap.c.obj
                0x10001b2a                ph_post_alloc_init
 .text.ph_merge_two_pass
                0x10001b38       0x5c CMakeFiles/thermistor.dir/C_/VSARM/sdk/pico/pico-sdk/src/common/pico_util/pheap.c.obj
                0x10001b38                ph_merge_two_pass
 .text.ph_remove_any_head
                0x10001b94       0xc0 CMakeFiles/thermistor.dir/C_/VSARM/sdk/pico/pico-sdk/src/common/pico_util/pheap.c.obj
 .text.ph_remove_head
                0x10001c54       0x14 CMakeFiles/thermistor.dir/C_/VSARM/sdk/pico/pico-sdk/src/common/pico_util/pheap.c.obj
                0x10001c54                ph_remove_head
 .text.ph_remove_and_free_node
                0x10001c68       0xa0 CMakeFiles/thermistor.dir/C_/VSARM/sdk/pico/pico-sdk/src/common/pico_util/pheap.c.obj
                0x10001c68                ph_remove_and_free_node
 .text.clock_configure
                0x10001d08      0x104 CMakeFiles/thermistor.dir/C_/VSARM/sdk/pico/pico-sdk/src/rp2_common/hardware_clocks/clocks.c.obj
                0x10001d08                clock_configure
 .text.clocks_init
                0x10001e0c      0x100 CMakeFiles/thermistor.dir/C_/VSARM/sdk/pico/pico-sdk/src/rp2_common/hardware_clocks/clocks.c.obj
                0x10001e0c                clocks_init
 .text.pll_init
                0x10001f0c      0x12c CMakeFiles/thermistor.dir/C_/VSARM/sdk/pico/pico-sdk/src/rp2_common/hardware_pll/pll.c.obj
                0x10001f0c                pll_init
 .text.watchdog_start_tick
                0x10002038       0x10 CMakeFiles/thermistor.dir/C_/VSARM/sdk/pico/pico-sdk/src/rp2_common/hardware_watchdog/watchdog.c.obj
                0x10002038                watchdog_start_tick
 .text.watchdog_update
                0x10002048       0x14 CMakeFiles/thermistor.dir/C_/VSARM/sdk/pico/pico-sdk/src/rp2_common/hardware_watchdog/watchdog.c.obj
                0x10002048                watchdog_update
 .text._watchdog_enable
                0x1000205c       0x78 CMakeFiles/thermistor.dir/C_/VSARM/sdk/pico/pico-sdk/src/rp2_common/hardware_watchdog/watchdog.c.obj
                0x1000205c                _watchdog_enable
 .text.watchdog_reboot
                0x100020d4       0x48 CMakeFiles/thermistor.dir/C_/VSARM/sdk/pico/pico-sdk/src/rp2_common/hardware_watchdog/watchdog.c.obj
                0x100020d4                watchdog_reboot
 .text.xosc_init
                0x1000211c       0x28 CMakeFiles/thermistor.dir/C_/VSARM/sdk/pico/pico-sdk/src/rp2_common/hardware_xosc/xosc.c.obj
                0x1000211c                xosc_init
 .text._exit    0x10002144        0x4 CMakeFiles/thermistor.dir/C_/VSARM/sdk/pico/pico-sdk/src/rp2_common/pico_runtime/runtime.c.obj
                0x10002144                _exit
 .text.exit     0x10002148        0x6 CMakeFiles/thermistor.dir/C_/VSARM/sdk/pico/pico-sdk/src/rp2_common/pico_runtime/runtime.c.obj
                0x10002148                exit
 *fill*         0x1000214e        0x2 
 .text.__assert_func
                0x10002150       0x38 CMakeFiles/thermistor.dir/C_/VSARM/sdk/pico/pico-sdk/src/rp2_common/pico_runtime/runtime.c.obj
                0x10002150                __assert_func
 .text.runtime_init
                0x10002188       0xf8 CMakeFiles/thermistor.dir/C_/VSARM/sdk/pico/pico-sdk/src/rp2_common/pico_runtime/runtime.c.obj
                0x10002188                runtime_init
 .text.panic    0x10002280       0x30 CMakeFiles/thermistor.dir/C_/VSARM/sdk/pico/pico-sdk/src/rp2_common/pico_runtime/runtime.c.obj
                0x10002280                panic
 .text._out_null
                0x100022b0        0x2 CMakeFiles/thermistor.dir/C_/VSARM/sdk/pico/pico-sdk/src/rp2_common/pico_printf/printf.c.obj
 .text._out_fct
                0x100022b2        0xe CMakeFiles/thermistor.dir/C_/VSARM/sdk/pico/pico-sdk/src/rp2_common/pico_printf/printf.c.obj
 .text._atoi    0x100022c0       0x24 CMakeFiles/thermistor.dir/C_/VSARM/sdk/pico/pico-sdk/src/rp2_common/pico_printf/printf.c.obj
 .text._out_rev
                0x100022e4       0xae CMakeFiles/thermistor.dir/C_/VSARM/sdk/pico/pico-sdk/src/rp2_common/pico_printf/printf.c.obj
 .text._ntoa_format
                0x10002392      0x110 CMakeFiles/thermistor.dir/C_/VSARM/sdk/pico/pico-sdk/src/rp2_common/pico_printf/printf.c.obj
 .text._ntoa_long
                0x100024a2       0xbc CMakeFiles/thermistor.dir/C_/VSARM/sdk/pico/pico-sdk/src/rp2_common/pico_printf/printf.c.obj
 .text._ntoa_long_long
                0x1000255e      0x10e CMakeFiles/thermistor.dir/C_/VSARM/sdk/pico/pico-sdk/src/rp2_common/pico_printf/printf.c.obj
 .text._etoa    0x1000266c      0x420 CMakeFiles/thermistor.dir/C_/VSARM/sdk/pico/pico-sdk/src/rp2_common/pico_printf/printf.c.obj
 .text._ftoa    0x10002a8c      0x354 CMakeFiles/thermistor.dir/C_/VSARM/sdk/pico/pico-sdk/src/rp2_common/pico_printf/printf.c.obj
 .text._vsnprintf
                0x10002de0      0x65c CMakeFiles/thermistor.dir/C_/VSARM/sdk/pico/pico-sdk/src/rp2_common/pico_printf/printf.c.obj
 .text.vfctprintf
                0x1000343c       0x20 CMakeFiles/thermistor.dir/C_/VSARM/sdk/pico/pico-sdk/src/rp2_common/pico_printf/printf.c.obj
                0x1000343c                vfctprintf
 .text          0x1000345c       0x10 CMakeFiles/thermistor.dir/C_/VSARM/sdk/pico/pico-sdk/src/rp2_common/pico_bit_ops/bit_ops_aeabi.S.obj
 .text.rom_func_lookup
                0x1000346c       0x10 CMakeFiles/thermistor.dir/C_/VSARM/sdk/pico/pico-sdk/src/rp2_common/pico_bootrom/bootrom.c.obj
                0x1000346c                rom_func_lookup
 .text.rom_data_lookup
                0x1000347c       0x10 CMakeFiles/thermistor.dir/C_/VSARM/sdk/pico/pico-sdk/src/rp2_common/pico_bootrom/bootrom.c.obj
                0x1000347c                rom_data_lookup
 .text.rom_funcs_lookup
                0x1000348c       0x36 CMakeFiles/thermistor.dir/C_/VSARM/sdk/pico/pico-sdk/src/rp2_common/pico_bootrom/bootrom.c.obj
                0x1000348c                rom_funcs_lookup
 *fill*         0x100034c2        0x2 
 .text.__wrap___aeabi_idiv
                0x100034c4       0x50 CMakeFiles/thermistor.dir/C_/VSARM/sdk/pico/pico-sdk/src/rp2_common/pico_divider/divider.S.obj
                0x100034c4                __wrap___aeabi_idivmod
                0x100034c4                divmod_s32s32
                0x100034c4                div_s32s32
                0x100034c4                __wrap___aeabi_idiv
                0x100034cc                divmod_s32s32_unsafe
                0x100034f8                divmod_s32s32_savestate
 .text.__wrap___aeabi_uidiv
                0x10003514       0x4c CMakeFiles/thermistor.dir/C_/VSARM/sdk/pico/pico-sdk/src/rp2_common/pico_divider/divider.S.obj
                0x10003514                __wrap___aeabi_uidiv
                0x10003514                __wrap___aeabi_uidivmod
                0x10003514                div_u32u32
                0x10003514                divmod_u32u32
                0x1000351c                divmod_u32u32_unsafe
                0x10003544                divmod_u32u32_savestate
 .text.__wrap___aeabi_ldiv
                0x10003560      0x424 CMakeFiles/thermistor.dir/C_/VSARM/sdk/pico/pico-sdk/src/rp2_common/pico_divider/divider.S.obj
                0x10003560                div_s64s64
                0x10003560                divmod_s64s64
                0x10003560                __wrap___aeabi_ldivmod
                0x10003590                divmod_u64u64
                0x10003590                div_u64u64
                0x10003590                __wrap___aeabi_uldivmod
                0x100035a0                divmod_u64u64_savestate
                0x100035c0                divmod_s64s64_unsafe
                0x10003648                divmod_u64u64_unsafe
 .text.__wrap___aeabi_darithmetic
                0x10003984       0x80 CMakeFiles/thermistor.dir/C_/VSARM/sdk/pico/pico-sdk/src/rp2_common/pico_double/double_aeabi.S.obj
                0x10003984                __wrap___aeabi_drsub
                0x1000398a                __wrap___aeabi_dsub
                0x1000399c                __wrap___aeabi_dadd
                0x100039ae                __wrap___aeabi_ddiv
                0x100039ea                __wrap___aeabi_dmul
 .text.__wrap___aeabi_cdcmple
                0x10003a04       0x6c CMakeFiles/thermistor.dir/C_/VSARM/sdk/pico/pico-sdk/src/rp2_common/pico_double/double_aeabi.S.obj
                0x10003a04                __wrap___aeabi_cdrcmple
                0x10003a14                __wrap___aeabi_cdcmpeq
                0x10003a14                __wrap___aeabi_cdcmple
 .text.__wrap___aeabi_dcmpeq
                0x10003a70       0x10 CMakeFiles/thermistor.dir/C_/VSARM/sdk/pico/pico-sdk/src/rp2_common/pico_double/double_aeabi.S.obj
                0x10003a70                __wrap___aeabi_dcmpeq
 .text.__wrap___aeabi_dcmplt
                0x10003a80        0xc CMakeFiles/thermistor.dir/C_/VSARM/sdk/pico/pico-sdk/src/rp2_common/pico_double/double_aeabi.S.obj
                0x10003a80                __wrap___aeabi_dcmplt
 .text.__wrap___aeabi_dcmple
                0x10003a8c       0x10 CMakeFiles/thermistor.dir/C_/VSARM/sdk/pico/pico-sdk/src/rp2_common/pico_double/double_aeabi.S.obj
                0x10003a8c                __wrap___aeabi_dcmple
 .text.__wrap___aeabi_dcmpge
                0x10003a9c       0x10 CMakeFiles/thermistor.dir/C_/VSARM/sdk/pico/pico-sdk/src/rp2_common/pico_double/double_aeabi.S.obj
                0x10003a9c                __wrap___aeabi_dcmpge
 .text.__wrap___aeabi_dcmpgt
                0x10003aac        0xa CMakeFiles/thermistor.dir/C_/VSARM/sdk/pico/pico-sdk/src/rp2_common/pico_double/double_aeabi.S.obj
                0x10003aac                __wrap___aeabi_dcmpgt
 .text.__wrap___aeabi_dcmpun
                0x10003ab6       0x1c CMakeFiles/thermistor.dir/C_/VSARM/sdk/pico/pico-sdk/src/rp2_common/pico_double/double_aeabi.S.obj
                0x10003ab6                __wrap___aeabi_dcmpun
 *fill*         0x10003ad2        0x2 
 .text.__wrap___aeabi_i2d
                0x10003ad4       0x38 CMakeFiles/thermistor.dir/C_/VSARM/sdk/pico/pico-sdk/src/rp2_common/pico_double/double_aeabi.S.obj
                0x10003ad4                __wrap___aeabi_ui2d
                0x10003adc                __wrap___aeabi_i2d
 .text.__wrap___aeabi_d2iz
                0x10003b0c       0x48 CMakeFiles/thermistor.dir/C_/VSARM/sdk/pico/pico-sdk/src/rp2_common/pico_double/double_aeabi.S.obj
                0x10003b0c                double2int_z
                0x10003b0c                __wrap___aeabi_d2iz
 .text.__wrap___aeabi_d2uiz
                0x10003b54       0x18 CMakeFiles/thermistor.dir/C_/VSARM/sdk/pico/pico-sdk/src/rp2_common/pico_double/double_aeabi.S.obj
                0x10003b54                __wrap___aeabi_d2uiz
                0x10003b54                double2uint
 .text.__wrap___aeabi_d2f
                0x10003b6c       0x18 CMakeFiles/thermistor.dir/C_/VSARM/sdk/pico/pico-sdk/src/rp2_common/pico_double/double_aeabi.S.obj
                0x10003b6c                __wrap___aeabi_d2f
 .text.__wrap_exp
                0x10003b84       0x18 CMakeFiles/thermistor.dir/C_/VSARM/sdk/pico/pico-sdk/src/rp2_common/pico_double/double_aeabi.S.obj
                0x10003b84                __wrap_exp
 .text.__wrap_log
                0x10003b9c       0x18 CMakeFiles/thermistor.dir/C_/VSARM/sdk/pico/pico-sdk/src/rp2_common/pico_double/double_aeabi.S.obj
                0x10003b9c                __wrap_log
 .text.__aeabi_double_init
                0x10003bb4       0xcc CMakeFiles/thermistor.dir/C_/VSARM/sdk/pico/pico-sdk/src/rp2_common/pico_double/double_init_rom.c.obj
                0x10003bb4                __aeabi_double_init
 .text.dldexp   0x10003c80       0x50 CMakeFiles/thermistor.dir/C_/VSARM/sdk/pico/pico-sdk/src/rp2_common/pico_double/double_math.c.obj
 .text.disint   0x10003cd0       0x60 CMakeFiles/thermistor.dir/C_/VSARM/sdk/pico/pico-sdk/src/rp2_common/pico_double/double_math.c.obj
 .text.disoddint
                0x10003d30       0x7c CMakeFiles/thermistor.dir/C_/VSARM/sdk/pico/pico-sdk/src/rp2_common/pico_double/double_math.c.obj
 .text.dispo2   0x10003dac       0x28 CMakeFiles/thermistor.dir/C_/VSARM/sdk/pico/pico-sdk/src/rp2_common/pico_double/double_math.c.obj
 .text.dpow_int2
                0x10003dd4       0x2c CMakeFiles/thermistor.dir/C_/VSARM/sdk/pico/pico-sdk/src/rp2_common/pico_double/double_math.c.obj
 .text.dpowint_1
                0x10003e00       0x24 CMakeFiles/thermistor.dir/C_/VSARM/sdk/pico/pico-sdk/src/rp2_common/pico_double/double_math.c.obj
 .text.dpow_1   0x10003e24      0x1dc CMakeFiles/thermistor.dir/C_/VSARM/sdk/pico/pico-sdk/src/rp2_common/pico_double/double_math.c.obj
 .text.dpow_0   0x10004000       0xd8 CMakeFiles/thermistor.dir/C_/VSARM/sdk/pico/pico-sdk/src/rp2_common/pico_double/double_math.c.obj
 .text.__wrap_ldexp
                0x100040d8        0x8 CMakeFiles/thermistor.dir/C_/VSARM/sdk/pico/pico-sdk/src/rp2_common/pico_double/double_math.c.obj
                0x100040d8                __wrap_ldexp
 .text.__wrap_round
                0x100040e0       0x98 CMakeFiles/thermistor.dir/C_/VSARM/sdk/pico/pico-sdk/src/rp2_common/pico_double/double_math.c.obj
                0x100040e0                __wrap_round
 .text.__wrap_exp2
                0x10004178       0x88 CMakeFiles/thermistor.dir/C_/VSARM/sdk/pico/pico-sdk/src/rp2_common/pico_double/double_math.c.obj
                0x10004178                __wrap_exp2
 .text.__wrap_pow
                0x10004200      0x168 CMakeFiles/thermistor.dir/C_/VSARM/sdk/pico/pico-sdk/src/rp2_common/pico_double/double_math.c.obj
                0x10004200                __wrap_pow
 .text.double_table_shim_on_use_helper
                0x10004368       0x34 CMakeFiles/thermistor.dir/C_/VSARM/sdk/pico/pico-sdk/src/rp2_common/pico_double/double_v1_rom_shim.S.obj
                0x10004368                double_table_shim_on_use_helper
 .text.__wrap___aeabi_dsub
                0x1000439c       0x10 CMakeFiles/thermistor.dir/C_/VSARM/sdk/pico/pico-sdk/src/rp2_common/pico_double/double_v1_rom_shim.S.obj
                0x1000439c                drsub_shim
                0x100043a2                dsub_shim
 .text.dadd_shim
                0x100043ac      0x15c CMakeFiles/thermistor.dir/C_/VSARM/sdk/pico/pico-sdk/src/rp2_common/pico_double/double_v1_rom_shim.S.obj
                0x100043ac                dadd_shim
 .text.dmul_shim
                0x10004508      0x15c CMakeFiles/thermistor.dir/C_/VSARM/sdk/pico/pico-sdk/src/rp2_common/pico_double/double_v1_rom_shim.S.obj
                0x10004508                dmul_shim
 .text.ddiv_shim
                0x10004664      0x1b0 CMakeFiles/thermistor.dir/C_/VSARM/sdk/pico/pico-sdk/src/rp2_common/pico_double/double_v1_rom_shim.S.obj
                0x10004664                ddiv_shim
 .text.double2uint_shim
                0x10004814        0xe CMakeFiles/thermistor.dir/C_/VSARM/sdk/pico/pico-sdk/src/rp2_common/pico_double/double_v1_rom_shim.S.obj
                0x10004814                double2uint_shim
                0x10004816                double2ufix_shim
 *fill*         0x10004822        0x2 
 .text.double2uint64_shim
                0x10004824       0x70 CMakeFiles/thermistor.dir/C_/VSARM/sdk/pico/pico-sdk/src/rp2_common/pico_double/double_v1_rom_shim.S.obj
                0x10004824                double2uint64_shim
                0x10004826                double2ufix64_shim
                0x10004846                d2fix_a
 .text.double2float_shim
                0x10004894       0x5c CMakeFiles/thermistor.dir/C_/VSARM/sdk/pico/pico-sdk/src/rp2_common/pico_double/double_v1_rom_shim.S.obj
                0x10004894                double2float_shim
 .text.x2double_shims
                0x100048f0       0x90 CMakeFiles/thermistor.dir/C_/VSARM/sdk/pico/pico-sdk/src/rp2_common/pico_double/double_v1_rom_shim.S.obj
                0x100048f0                uint2double_shim
                0x100048f2                ufix2double_shim
                0x100048f8                int2double_shim
                0x100048fa                fix2double_shim
                0x10004900                uint642double_shim
                0x10004902                ufix642double_shim
                0x10004908                int642double_shim
                0x1000490a                fix642double_shim
 .text.dunpacks
                0x10004980       0x3c CMakeFiles/thermistor.dir/C_/VSARM/sdk/pico/pico-sdk/src/rp2_common/pico_double/double_v1_rom_shim.S.obj
                0x10004980                dunpacks
 .text.dreduce  0x100049bc       0x82 CMakeFiles/thermistor.dir/C_/VSARM/sdk/pico/pico-sdk/src/rp2_common/pico_double/double_v1_rom_shim.S.obj
                0x100049bc                dreduce
 *fill*         0x10004a3e        0x2 
 .text.dexp_guts
                0x10004a40      0x268 CMakeFiles/thermistor.dir/C_/VSARM/sdk/pico/pico-sdk/src/rp2_common/pico_double/double_v1_rom_shim.S.obj
                0x10004a40                dexp_shim
                0x10004adc                dln_shim
 .text.__aeabi_lmul
                0x10004ca8       0x32 CMakeFiles/thermistor.dir/C_/VSARM/sdk/pico/pico-sdk/src/rp2_common/pico_int64_ops/pico_int64_ops_aeabi.S.obj
                0x10004ca8                __wrap___aeabi_lmul
 *fill*         0x10004cda        0x2 
 .text.__wrap___aeabi_farithmetic
                0x10004cdc       0x58 CMakeFiles/thermistor.dir/C_/VSARM/sdk/pico/pico-sdk/src/rp2_common/pico_float/float_aeabi.S.obj
                0x10004cdc                __wrap___aeabi_frsub
                0x10004ce2                __wrap___aeabi_fsub
                0x10004cec                __wrap___aeabi_fadd
                0x10004cf6                __wrap___aeabi_fdiv
                0x10004d22                __wrap___aeabi_fmul
 .text.__wrap___aeabi_i2f
                0x10004d34       0x44 CMakeFiles/thermistor.dir/C_/VSARM/sdk/pico/pico-sdk/src/rp2_common/pico_float/float_aeabi.S.obj
                0x10004d34                __wrap___aeabi_i2f
 .text.__wrap___aeabi_f2d
                0x10004d78       0x14 CMakeFiles/thermistor.dir/C_/VSARM/sdk/pico/pico-sdk/src/rp2_common/pico_float/float_aeabi.S.obj
                0x10004d78                __wrap___aeabi_f2d
 .text.__wrap_logf
                0x10004d8c       0x10 CMakeFiles/thermistor.dir/C_/VSARM/sdk/pico/pico-sdk/src/rp2_common/pico_float/float_aeabi.S.obj
                0x10004d8c                __wrap_logf
 .text.__aeabi_float_init
                0x10004d9c       0xfc CMakeFiles/thermistor.dir/C_/VSARM/sdk/pico/pico-sdk/src/rp2_common/pico_float/float_init_rom.c.obj
                0x10004d9c                __aeabi_float_init
 .text.float_table_shim_on_use_helper
                0x10004e98       0x34 CMakeFiles/thermistor.dir/C_/VSARM/sdk/pico/pico-sdk/src/rp2_common/pico_float/float_v1_rom_shim.S.obj
                0x10004e98                float_table_shim_on_use_helper
 .text.float2double_shim
                0x10004ecc       0x30 CMakeFiles/thermistor.dir/C_/VSARM/sdk/pico/pico-sdk/src/rp2_common/pico_float/float_v1_rom_shim.S.obj
                0x10004ecc                float2double_shim
 .text          0x10004efc       0x10 CMakeFiles/thermistor.dir/C_/VSARM/sdk/pico/pico-sdk/src/rp2_common/pico_mem_ops/mem_ops_aeabi.S.obj
                0x10004efc                __aeabi_mem_init
 .text.memset   0x10004f0c        0xc CMakeFiles/thermistor.dir/C_/VSARM/sdk/pico/pico-sdk/src/rp2_common/pico_mem_ops/mem_ops_aeabi.S.obj
                0x10004f0c                __wrap_memset
 .text.memcpy   0x10004f18        0xc CMakeFiles/thermistor.dir/C_/VSARM/sdk/pico/pico-sdk/src/rp2_common/pico_mem_ops/mem_ops_aeabi.S.obj
                0x10004f18                __wrap_memcpy
                0x10004f18                __wrap___aeabi_memcpy
 .text.stdio_out_chars_no_crlf
                0x10004f24        0xe CMakeFiles/thermistor.dir/C_/VSARM/sdk/pico/pico-sdk/src/rp2_common/pico_stdio/stdio.c.obj
 *fill*         0x10004f32        0x2 
 .text.stdio_out_chars_crlf
                0x10004f34       0x80 CMakeFiles/thermistor.dir/C_/VSARM/sdk/pico/pico-sdk/src/rp2_common/pico_stdio/stdio.c.obj
 .text.stdio_stack_buffer_flush
                0x10004fb4       0x44 CMakeFiles/thermistor.dir/C_/VSARM/sdk/pico/pico-sdk/src/rp2_common/pico_stdio/stdio.c.obj
 .text.stdio_buffered_printer
                0x10004ff8       0x20 CMakeFiles/thermistor.dir/C_/VSARM/sdk/pico/pico-sdk/src/rp2_common/pico_stdio/stdio.c.obj
 .text.update_us_since_boot
                0x10005018       0x24 CMakeFiles/thermistor.dir/C_/VSARM/sdk/pico/pico-sdk/src/rp2_common/pico_stdio/stdio.c.obj
 .text.get_absolute_time
                0x1000503c       0x22 CMakeFiles/thermistor.dir/C_/VSARM/sdk/pico/pico-sdk/src/rp2_common/pico_stdio/stdio.c.obj
 *fill*         0x1000505e        0x2 
 .text.delayed_by_ms
                0x10005060       0x44 CMakeFiles/thermistor.dir/C_/VSARM/sdk/pico/pico-sdk/src/rp2_common/pico_stdio/stdio.c.obj
 .text.make_timeout_time_ms
                0x100050a4       0x20 CMakeFiles/thermistor.dir/C_/VSARM/sdk/pico/pico-sdk/src/rp2_common/pico_stdio/stdio.c.obj
 .text.stdout_serialize_begin
                0x100050c4       0x20 CMakeFiles/thermistor.dir/C_/VSARM/sdk/pico/pico-sdk/src/rp2_common/pico_stdio/stdio.c.obj
                0x100050c4                stdout_serialize_begin
 .text.stdout_serialize_end
                0x100050e4       0x10 CMakeFiles/thermistor.dir/C_/VSARM/sdk/pico/pico-sdk/src/rp2_common/pico_stdio/stdio.c.obj
                0x100050e4                stdout_serialize_end
 .text.stdio_put_string
                0x100050f4       0x98 CMakeFiles/thermistor.dir/C_/VSARM/sdk/pico/pico-sdk/src/rp2_common/pico_stdio/stdio.c.obj
 .text.stdio_set_driver_enabled
                0x1000518c       0x2c CMakeFiles/thermistor.dir/C_/VSARM/sdk/pico/pico-sdk/src/rp2_common/pico_stdio/stdio.c.obj
                0x1000518c                stdio_set_driver_enabled
 .text.stdio_flush
                0x100051b8       0x20 CMakeFiles/thermistor.dir/C_/VSARM/sdk/pico/pico-sdk/src/rp2_common/pico_stdio/stdio.c.obj
                0x100051b8                stdio_flush
 .text.__wrap_puts
                0x100051d8       0x1e CMakeFiles/thermistor.dir/C_/VSARM/sdk/pico/pico-sdk/src/rp2_common/pico_stdio/stdio.c.obj
                0x100051d8                __wrap_puts
 *fill*         0x100051f6        0x2 
 .text.__wrap_vprintf
                0x100051f8       0x40 CMakeFiles/thermistor.dir/C_/VSARM/sdk/pico/pico-sdk/src/rp2_common/pico_stdio/stdio.c.obj
                0x100051f8                __wrap_vprintf
 .text.__wrap_printf
                0x10005238       0x18 CMakeFiles/thermistor.dir/C_/VSARM/sdk/pico/pico-sdk/src/rp2_common/pico_stdio/stdio.c.obj
                0x10005238                __wrap_printf
 .text.stdio_init_all
                0x10005250        0x8 CMakeFiles/thermistor.dir/C_/VSARM/sdk/pico/pico-sdk/src/rp2_common/pico_stdio/stdio.c.obj
                0x10005250                stdio_init_all
 .text.resetd_init
                0x10005258        0x2 CMakeFiles/thermistor.dir/C_/VSARM/sdk/pico/pico-sdk/src/rp2_common/pico_stdio_usb/reset_interface.c.obj
 *fill*         0x1000525a        0x2 
 .text.resetd_reset
                0x1000525c        0xc CMakeFiles/thermistor.dir/C_/VSARM/sdk/pico/pico-sdk/src/rp2_common/pico_stdio_usb/reset_interface.c.obj
 .text.resetd_open
                0x10005268       0x34 CMakeFiles/thermistor.dir/C_/VSARM/sdk/pico/pico-sdk/src/rp2_common/pico_stdio_usb/reset_interface.c.obj
 .text.resetd_xfer_cb
                0x1000529c        0x4 CMakeFiles/thermistor.dir/C_/VSARM/sdk/pico/pico-sdk/src/rp2_common/pico_stdio_usb/reset_interface.c.obj
 .text.reset_usb_boot
                0x100052a0       0x18 CMakeFiles/thermistor.dir/C_/VSARM/sdk/pico/pico-sdk/src/rp2_common/pico_stdio_usb/reset_interface.c.obj
 .text.resetd_control_xfer_cb
                0x100052b8       0x5c CMakeFiles/thermistor.dir/C_/VSARM/sdk/pico/pico-sdk/src/rp2_common/pico_stdio_usb/reset_interface.c.obj
 .text.usbd_app_driver_get_cb
                0x10005314        0xc CMakeFiles/thermistor.dir/C_/VSARM/sdk/pico/pico-sdk/src/rp2_common/pico_stdio_usb/reset_interface.c.obj
                0x10005314                usbd_app_driver_get_cb
 .text.tud_cdc_line_coding_cb
                0x10005320       0x28 CMakeFiles/thermistor.dir/C_/VSARM/sdk/pico/pico-sdk/src/rp2_common/pico_stdio_usb/reset_interface.c.obj
                0x10005320                tud_cdc_line_coding_cb
 .text.stdio_usb_set_chars_available_callback
                0x10005348       0x14 CMakeFiles/thermistor.dir/C_/VSARM/sdk/pico/pico-sdk/src/rp2_common/pico_stdio_usb/stdio_usb.c.obj
                0x10005348                stdio_usb_set_chars_available_callback
 .text.update_us_since_boot
                0x1000535c       0x24 CMakeFiles/thermistor.dir/C_/VSARM/sdk/pico/pico-sdk/src/rp2_common/pico_stdio_usb/stdio_usb.c.obj
 .text.get_absolute_time
                0x10005380       0x22 CMakeFiles/thermistor.dir/C_/VSARM/sdk/pico/pico-sdk/src/rp2_common/pico_stdio_usb/stdio_usb.c.obj
 *fill*         0x100053a2        0x2 
 .text.delayed_by_ms
                0x100053a4       0x44 CMakeFiles/thermistor.dir/C_/VSARM/sdk/pico/pico-sdk/src/rp2_common/pico_stdio_usb/stdio_usb.c.obj
 .text.make_timeout_time_ms
                0x100053e8       0x20 CMakeFiles/thermistor.dir/C_/VSARM/sdk/pico/pico-sdk/src/rp2_common/pico_stdio_usb/stdio_usb.c.obj
 .text.delayed_by_us
                0x10005408       0x34 CMakeFiles/thermistor.dir/C_/VSARM/sdk/pico/pico-sdk/src/rp2_common/pico_stdio_usb/stdio_usb.c.obj
 .text.usb_irq  0x1000543c       0x10 CMakeFiles/thermistor.dir/C_/VSARM/sdk/pico/pico-sdk/src/rp2_common/pico_stdio_usb/stdio_usb.c.obj
 .text.timer_task
                0x1000544c       0x58 CMakeFiles/thermistor.dir/C_/VSARM/sdk/pico/pico-sdk/src/rp2_common/pico_stdio_usb/stdio_usb.c.obj
 .text.alarm_pool_add_alarm_in_us
                0x100054a4       0x3a CMakeFiles/thermistor.dir/C_/VSARM/sdk/pico/pico-sdk/src/rp2_common/pico_stdio_usb/stdio_usb.c.obj
 .text.add_alarm_in_us
                0x100054de       0x2e CMakeFiles/thermistor.dir/C_/VSARM/sdk/pico/pico-sdk/src/rp2_common/pico_stdio_usb/stdio_usb.c.obj
 .text.low_priority_worker_irq
                0x1000550c       0x84 CMakeFiles/thermistor.dir/C_/VSARM/sdk/pico/pico-sdk/src/rp2_common/pico_stdio_usb/stdio_usb.c.obj
 .text.tud_cdc_rx_cb
                0x10005590       0x20 CMakeFiles/thermistor.dir/C_/VSARM/sdk/pico/pico-sdk/src/rp2_common/pico_stdio_usb/stdio_usb.c.obj
                0x10005590                tud_cdc_rx_cb
 .text.stdio_usb_init
                0x100055b0       0xdc CMakeFiles/thermistor.dir/C_/VSARM/sdk/pico/pico-sdk/src/rp2_common/pico_stdio_usb/stdio_usb.c.obj
                0x100055b0                stdio_usb_init
 .text.stdio_usb_connected
                0x1000568c        0xa CMakeFiles/thermistor.dir/C_/VSARM/sdk/pico/pico-sdk/src/rp2_common/pico_stdio_usb/stdio_usb.c.obj
                0x1000568c                stdio_usb_connected
 *fill*         0x10005696        0x2 
 .text.stdio_usb_in_chars
                0x10005698       0x88 CMakeFiles/thermistor.dir/C_/VSARM/sdk/pico/pico-sdk/src/rp2_common/pico_stdio_usb/stdio_usb.c.obj
                0x10005698                stdio_usb_in_chars
 .text.stdio_usb_out_chars
                0x10005720       0xd8 CMakeFiles/thermistor.dir/C_/VSARM/sdk/pico/pico-sdk/src/rp2_common/pico_stdio_usb/stdio_usb.c.obj
 .text.tud_descriptor_device_cb
                0x100057f8        0x8 CMakeFiles/thermistor.dir/C_/VSARM/sdk/pico/pico-sdk/src/rp2_common/pico_stdio_usb/stdio_usb_descriptors.c.obj
                0x100057f8                tud_descriptor_device_cb
 .text.tud_descriptor_configuration_cb
                0x10005800        0x8 CMakeFiles/thermistor.dir/C_/VSARM/sdk/pico/pico-sdk/src/rp2_common/pico_stdio_usb/stdio_usb_descriptors.c.obj
                0x10005800                tud_descriptor_configuration_cb
 .text.tud_descriptor_string_cb
                0x10005808       0x6c CMakeFiles/thermistor.dir/C_/VSARM/sdk/pico/pico-sdk/src/rp2_common/pico_stdio_usb/stdio_usb_descriptors.c.obj
                0x10005808                tud_descriptor_string_cb
 .text._retrieve_unique_id_on_boot
                0x10005874       0x10 CMakeFiles/thermistor.dir/C_/VSARM/sdk/pico/pico-sdk/src/rp2_common/pico_unique_id/unique_id.c.obj
 .text.pico_get_unique_board_id_string
                0x10005884       0x5c CMakeFiles/thermistor.dir/C_/VSARM/sdk/pico/pico-sdk/src/rp2_common/pico_unique_id/unique_id.c.obj
                0x10005884                pico_get_unique_board_id_string
 .text.flash_get_unique_id
                0x100058e0       0x46 CMakeFiles/thermistor.dir/C_/VSARM/sdk/pico/pico-sdk/src/rp2_common/hardware_flash/flash.c.obj
                0x100058e0                flash_get_unique_id
 *fill*         0x10005926        0x2 
 .text.hw_endpoint_get_by_addr
                0x10005928       0x18 CMakeFiles/thermistor.dir/C_/VSARM/sdk/pico/pico-sdk/lib/tinyusb/src/portable/raspberrypi/rp2040/dcd_rp2040.c.obj
 .text._hw_endpoint_alloc
                0x10005940       0x70 CMakeFiles/thermistor.dir/C_/VSARM/sdk/pico/pico-sdk/lib/tinyusb/src/portable/raspberrypi/rp2040/dcd_rp2040.c.obj
 .text.hw_endpoint_init
                0x100059b0       0x88 CMakeFiles/thermistor.dir/C_/VSARM/sdk/pico/pico-sdk/lib/tinyusb/src/portable/raspberrypi/rp2040/dcd_rp2040.c.obj
 .text.dcd_event_sof
                0x10005a38       0x2c CMakeFiles/thermistor.dir/C_/VSARM/sdk/pico/pico-sdk/lib/tinyusb/src/portable/raspberrypi/rp2040/dcd_rp2040.c.obj
 .text.hw_endpoint_xfer
                0x10005a64       0x14 CMakeFiles/thermistor.dir/C_/VSARM/sdk/pico/pico-sdk/lib/tinyusb/src/portable/raspberrypi/rp2040/dcd_rp2040.c.obj
 .text.dcd_int_enable
                0x10005a78       0x2c CMakeFiles/thermistor.dir/C_/VSARM/sdk/pico/pico-sdk/lib/tinyusb/src/portable/raspberrypi/rp2040/dcd_rp2040.c.obj
                0x10005a78                dcd_int_enable
 .text.dcd_set_address
                0x10005aa4       0x2c CMakeFiles/thermistor.dir/C_/VSARM/sdk/pico/pico-sdk/lib/tinyusb/src/portable/raspberrypi/rp2040/dcd_rp2040.c.obj
                0x10005aa4                dcd_set_address
 .text.dcd_connect
                0x10005ad0       0x10 CMakeFiles/thermistor.dir/C_/VSARM/sdk/pico/pico-sdk/lib/tinyusb/src/portable/raspberrypi/rp2040/dcd_rp2040.c.obj
                0x10005ad0                dcd_connect
 .text.dcd_init
                0x10005ae0       0x80 CMakeFiles/thermistor.dir/C_/VSARM/sdk/pico/pico-sdk/lib/tinyusb/src/portable/raspberrypi/rp2040/dcd_rp2040.c.obj
                0x10005ae0                dcd_init
 .text.dcd_edpt0_status_complete
                0x10005b60       0x1c CMakeFiles/thermistor.dir/C_/VSARM/sdk/pico/pico-sdk/lib/tinyusb/src/portable/raspberrypi/rp2040/dcd_rp2040.c.obj
                0x10005b60                dcd_edpt0_status_complete
 .text.dcd_edpt_open
                0x10005b7c       0x40 CMakeFiles/thermistor.dir/C_/VSARM/sdk/pico/pico-sdk/lib/tinyusb/src/portable/raspberrypi/rp2040/dcd_rp2040.c.obj
                0x10005b7c                dcd_edpt_open
 .text.dcd_edpt_close_all
                0x10005bbc        0x8 CMakeFiles/thermistor.dir/C_/VSARM/sdk/pico/pico-sdk/lib/tinyusb/src/portable/raspberrypi/rp2040/dcd_rp2040.c.obj
                0x10005bbc                dcd_edpt_close_all
 .text.dcd_edpt_xfer
                0x10005bc4       0x34 CMakeFiles/thermistor.dir/C_/VSARM/sdk/pico/pico-sdk/lib/tinyusb/src/portable/raspberrypi/rp2040/dcd_rp2040.c.obj
                0x10005bc4                dcd_edpt_xfer
 .text.dcd_edpt_stall
                0x10005bf8       0x2c CMakeFiles/thermistor.dir/C_/VSARM/sdk/pico/pico-sdk/lib/tinyusb/src/portable/raspberrypi/rp2040/dcd_rp2040.c.obj
                0x10005bf8                dcd_edpt_stall
 .text.dcd_edpt_clear_stall
                0x10005c24       0x20 CMakeFiles/thermistor.dir/C_/VSARM/sdk/pico/pico-sdk/lib/tinyusb/src/portable/raspberrypi/rp2040/dcd_rp2040.c.obj
                0x10005c24                dcd_edpt_clear_stall
 .text.rp2040_usb_init
                0x10005c44       0x4c CMakeFiles/thermistor.dir/C_/VSARM/sdk/pico/pico-sdk/lib/tinyusb/src/portable/raspberrypi/rp2040/rp2040_usb.c.obj
                0x10005c44                rp2040_usb_init
 .text.hw_endpoint_xfer_start
                0x10005c90       0x50 CMakeFiles/thermistor.dir/C_/VSARM/sdk/pico/pico-sdk/lib/tinyusb/src/portable/raspberrypi/rp2040/rp2040_usb.c.obj
                0x10005c90                hw_endpoint_xfer_start
 .text.configuration_reset
                0x10005ce0       0x84 CMakeFiles/thermistor.dir/C_/VSARM/sdk/pico/pico-sdk/lib/tinyusb/src/device/usbd.c.obj
 .text.usbd_reset
                0x10005d64        0xc CMakeFiles/thermistor.dir/C_/VSARM/sdk/pico/pico-sdk/lib/tinyusb/src/device/usbd.c.obj
 .text.invoke_class_control
                0x10005d70       0x1a CMakeFiles/thermistor.dir/C_/VSARM/sdk/pico/pico-sdk/lib/tinyusb/src/device/usbd.c.obj
 *fill*         0x10005d8a        0x2 
 .text.process_set_config
                0x10005d8c      0x178 CMakeFiles/thermistor.dir/C_/VSARM/sdk/pico/pico-sdk/lib/tinyusb/src/device/usbd.c.obj
 .text.process_get_descriptor
                0x10005f04       0xdc CMakeFiles/thermistor.dir/C_/VSARM/sdk/pico/pico-sdk/lib/tinyusb/src/device/usbd.c.obj
 .text.tud_mounted
                0x10005fe0       0x10 CMakeFiles/thermistor.dir/C_/VSARM/sdk/pico/pico-sdk/lib/tinyusb/src/device/usbd.c.obj
                0x10005fe0                tud_mounted
 .text.tud_suspended
                0x10005ff0       0x10 CMakeFiles/thermistor.dir/C_/VSARM/sdk/pico/pico-sdk/lib/tinyusb/src/device/usbd.c.obj
                0x10005ff0                tud_suspended
 .text.tud_inited
                0x10006000       0x14 CMakeFiles/thermistor.dir/C_/VSARM/sdk/pico/pico-sdk/lib/tinyusb/src/device/usbd.c.obj
                0x10006000                tud_inited
 .text.tud_init
                0x10006014       0xcc CMakeFiles/thermistor.dir/C_/VSARM/sdk/pico/pico-sdk/lib/tinyusb/src/device/usbd.c.obj
                0x10006014                tud_init
 .text.usbd_defer_func
                0x100060e0       0x2a CMakeFiles/thermistor.dir/C_/VSARM/sdk/pico/pico-sdk/lib/tinyusb/src/device/usbd.c.obj
                0x100060e0                usbd_defer_func
 *fill*         0x1000610a        0x2 
 .text.usbd_edpt_open
                0x1000610c       0x34 CMakeFiles/thermistor.dir/C_/VSARM/sdk/pico/pico-sdk/lib/tinyusb/src/device/usbd.c.obj
                0x1000610c                usbd_edpt_open
 .text.usbd_open_edpt_pair
                0x10006140       0x62 CMakeFiles/thermistor.dir/C_/VSARM/sdk/pico/pico-sdk/lib/tinyusb/src/device/usbd.c.obj
                0x10006140                usbd_open_edpt_pair
 *fill*         0x100061a2        0x2 
 .text.usbd_edpt_claim
                0x100061a4       0x28 CMakeFiles/thermistor.dir/C_/VSARM/sdk/pico/pico-sdk/lib/tinyusb/src/device/usbd.c.obj
                0x100061a4                usbd_edpt_claim
 .text.usbd_edpt_release
                0x100061cc       0x28 CMakeFiles/thermistor.dir/C_/VSARM/sdk/pico/pico-sdk/lib/tinyusb/src/device/usbd.c.obj
                0x100061cc                usbd_edpt_release
 .text.usbd_edpt_xfer
                0x100061f4       0x78 CMakeFiles/thermistor.dir/C_/VSARM/sdk/pico/pico-sdk/lib/tinyusb/src/device/usbd.c.obj
                0x100061f4                usbd_edpt_xfer
 .text.usbd_edpt_stall
                0x1000626c       0x48 CMakeFiles/thermistor.dir/C_/VSARM/sdk/pico/pico-sdk/lib/tinyusb/src/device/usbd.c.obj
                0x1000626c                usbd_edpt_stall
 .text.usbd_edpt_clear_stall
                0x100062b4       0x48 CMakeFiles/thermistor.dir/C_/VSARM/sdk/pico/pico-sdk/lib/tinyusb/src/device/usbd.c.obj
                0x100062b4                usbd_edpt_clear_stall
 .text.usbd_edpt_stalled
                0x100062fc       0x1c CMakeFiles/thermistor.dir/C_/VSARM/sdk/pico/pico-sdk/lib/tinyusb/src/device/usbd.c.obj
                0x100062fc                usbd_edpt_stalled
 .text.process_control_request
                0x10006318      0x374 CMakeFiles/thermistor.dir/C_/VSARM/sdk/pico/pico-sdk/lib/tinyusb/src/device/usbd.c.obj
 .text.tud_task_ext
                0x1000668c      0x1b4 CMakeFiles/thermistor.dir/C_/VSARM/sdk/pico/pico-sdk/lib/tinyusb/src/device/usbd.c.obj
                0x1000668c                tud_task_ext
 .text._status_stage_xact
                0x10006840       0x1a CMakeFiles/thermistor.dir/C_/VSARM/sdk/pico/pico-sdk/lib/tinyusb/src/device/usbd_control.c.obj
 *fill*         0x1000685a        0x2 
 .text._data_stage_xact
                0x1000685c       0x58 CMakeFiles/thermistor.dir/C_/VSARM/sdk/pico/pico-sdk/lib/tinyusb/src/device/usbd_control.c.obj
 .text.tud_control_status
                0x100068b4       0x28 CMakeFiles/thermistor.dir/C_/VSARM/sdk/pico/pico-sdk/lib/tinyusb/src/device/usbd_control.c.obj
                0x100068b4                tud_control_status
 .text.tud_control_xfer
                0x100068dc       0x68 CMakeFiles/thermistor.dir/C_/VSARM/sdk/pico/pico-sdk/lib/tinyusb/src/device/usbd_control.c.obj
                0x100068dc                tud_control_xfer
 .text.usbd_control_reset
                0x10006944       0x14 CMakeFiles/thermistor.dir/C_/VSARM/sdk/pico/pico-sdk/lib/tinyusb/src/device/usbd_control.c.obj
                0x10006944                usbd_control_reset
 .text.usbd_control_set_complete_callback
                0x10006958        0xc CMakeFiles/thermistor.dir/C_/VSARM/sdk/pico/pico-sdk/lib/tinyusb/src/device/usbd_control.c.obj
                0x10006958                usbd_control_set_complete_callback
 .text.usbd_control_set_request
                0x10006964       0x1c CMakeFiles/thermistor.dir/C_/VSARM/sdk/pico/pico-sdk/lib/tinyusb/src/device/usbd_control.c.obj
                0x10006964                usbd_control_set_request
 .text.usbd_control_xfer_cb
                0x10006980       0xbc CMakeFiles/thermistor.dir/C_/VSARM/sdk/pico/pico-sdk/lib/tinyusb/src/device/usbd_control.c.obj
                0x10006980                usbd_control_xfer_cb
 .text._prep_out_transaction
                0x10006a3c       0x4a CMakeFiles/thermistor.dir/C_/VSARM/sdk/pico/pico-sdk/lib/tinyusb/src/class/cdc/cdc_device.c.obj
 *fill*         0x10006a86        0x2 
 .text.tud_cdc_n_connected
                0x10006a88       0x38 CMakeFiles/thermistor.dir/C_/VSARM/sdk/pico/pico-sdk/lib/tinyusb/src/class/cdc/cdc_device.c.obj
                0x10006a88                tud_cdc_n_connected
 .text.tud_cdc_n_available
                0x10006ac0       0x18 CMakeFiles/thermistor.dir/C_/VSARM/sdk/pico/pico-sdk/lib/tinyusb/src/class/cdc/cdc_device.c.obj
                0x10006ac0                tud_cdc_n_available
 .text.tud_cdc_n_read
                0x10006ad8       0x28 CMakeFiles/thermistor.dir/C_/VSARM/sdk/pico/pico-sdk/lib/tinyusb/src/class/cdc/cdc_device.c.obj
                0x10006ad8                tud_cdc_n_read
 .text.tud_cdc_n_write_flush
                0x10006b00       0xb8 CMakeFiles/thermistor.dir/C_/VSARM/sdk/pico/pico-sdk/lib/tinyusb/src/class/cdc/cdc_device.c.obj
                0x10006b00                tud_cdc_n_write_flush
 .text.tud_cdc_n_write
                0x10006bb8       0x38 CMakeFiles/thermistor.dir/C_/VSARM/sdk/pico/pico-sdk/lib/tinyusb/src/class/cdc/cdc_device.c.obj
                0x10006bb8                tud_cdc_n_write
 .text.tud_cdc_n_write_available
                0x10006bf0       0x1c CMakeFiles/thermistor.dir/C_/VSARM/sdk/pico/pico-sdk/lib/tinyusb/src/class/cdc/cdc_device.c.obj
                0x10006bf0                tud_cdc_n_write_available
 .text.cdcd_init
                0x10006c0c       0xbc CMakeFiles/thermistor.dir/C_/VSARM/sdk/pico/pico-sdk/lib/tinyusb/src/class/cdc/cdc_device.c.obj
                0x10006c0c                cdcd_init
 .text.cdcd_reset
                0x10006cc8       0x44 CMakeFiles/thermistor.dir/C_/VSARM/sdk/pico/pico-sdk/lib/tinyusb/src/class/cdc/cdc_device.c.obj
                0x10006cc8                cdcd_reset
 .text.cdcd_open
                0x10006d0c       0xc4 CMakeFiles/thermistor.dir/C_/VSARM/sdk/pico/pico-sdk/lib/tinyusb/src/class/cdc/cdc_device.c.obj
                0x10006d0c                cdcd_open
 .text.cdcd_control_xfer_cb
                0x10006dd0      0x134 CMakeFiles/thermistor.dir/C_/VSARM/sdk/pico/pico-sdk/lib/tinyusb/src/class/cdc/cdc_device.c.obj
                0x10006dd0                cdcd_control_xfer_cb
 .text.cdcd_xfer_cb
                0x10006f04      0x130 CMakeFiles/thermistor.dir/C_/VSARM/sdk/pico/pico-sdk/lib/tinyusb/src/class/cdc/cdc_device.c.obj
                0x10006f04                cdcd_xfer_cb
 .text.tusb_init
                0x10007034        0xa CMakeFiles/thermistor.dir/C_/VSARM/sdk/pico/pico-sdk/lib/tinyusb/src/tusb.c.obj
                0x10007034                tusb_init
 .text.tusb_inited
                0x1000703e        0xe CMakeFiles/thermistor.dir/C_/VSARM/sdk/pico/pico-sdk/lib/tinyusb/src/tusb.c.obj
                0x1000703e                tusb_inited
 .text.tu_edpt_claim
                0x1000704c       0x50 CMakeFiles/thermistor.dir/C_/VSARM/sdk/pico/pico-sdk/lib/tinyusb/src/tusb.c.obj
                0x1000704c                tu_edpt_claim
 .text.tu_edpt_release
                0x1000709c       0x38 CMakeFiles/thermistor.dir/C_/VSARM/sdk/pico/pico-sdk/lib/tinyusb/src/tusb.c.obj
                0x1000709c                tu_edpt_release
 .text.tu_edpt_validate
                0x100070d4       0x78 CMakeFiles/thermistor.dir/C_/VSARM/sdk/pico/pico-sdk/lib/tinyusb/src/tusb.c.obj
                0x100070d4                tu_edpt_validate
 .text.tu_edpt_bind_driver
                0x1000714c       0x26 CMakeFiles/thermistor.dir/C_/VSARM/sdk/pico/pico-sdk/lib/tinyusb/src/tusb.c.obj
                0x1000714c                tu_edpt_bind_driver
 .text.advance_index
                0x10007172       0x1a CMakeFiles/thermistor.dir/C_/VSARM/sdk/pico/pico-sdk/lib/tinyusb/src/common/tusb_fifo.c.obj
 .text._tu_fifo_peek
                0x1000718c       0x56 CMakeFiles/thermistor.dir/C_/VSARM/sdk/pico/pico-sdk/lib/tinyusb/src/common/tusb_fifo.c.obj
 .text._ff_pull_const_addr
                0x100071e2       0x4c CMakeFiles/thermistor.dir/C_/VSARM/sdk/pico/pico-sdk/lib/tinyusb/src/common/tusb_fifo.c.obj
 .text._ff_pull_n
                0x1000722e      0x110 CMakeFiles/thermistor.dir/C_/VSARM/sdk/pico/pico-sdk/lib/tinyusb/src/common/tusb_fifo.c.obj
 .text._tu_fifo_peek_n
                0x1000733e       0x6a CMakeFiles/thermistor.dir/C_/VSARM/sdk/pico/pico-sdk/lib/tinyusb/src/common/tusb_fifo.c.obj
 .text._tu_fifo_read_n
                0x100073a8       0x4e CMakeFiles/thermistor.dir/C_/VSARM/sdk/pico/pico-sdk/lib/tinyusb/src/common/tusb_fifo.c.obj
 .text._ff_push_const_addr
                0x100073f6       0x40 CMakeFiles/thermistor.dir/C_/VSARM/sdk/pico/pico-sdk/lib/tinyusb/src/common/tusb_fifo.c.obj
 .text._ff_push_n
                0x10007436      0x10c CMakeFiles/thermistor.dir/C_/VSARM/sdk/pico/pico-sdk/lib/tinyusb/src/common/tusb_fifo.c.obj
 .text._tu_fifo_write_n
                0x10007542       0xf0 CMakeFiles/thermistor.dir/C_/VSARM/sdk/pico/pico-sdk/lib/tinyusb/src/common/tusb_fifo.c.obj
 .text.tu_fifo_config
                0x10007632       0x7c CMakeFiles/thermistor.dir/C_/VSARM/sdk/pico/pico-sdk/lib/tinyusb/src/common/tusb_fifo.c.obj
                0x10007632                tu_fifo_config
 .text.tu_fifo_count
                0x100076ae       0x2a CMakeFiles/thermistor.dir/C_/VSARM/sdk/pico/pico-sdk/lib/tinyusb/src/common/tusb_fifo.c.obj
                0x100076ae                tu_fifo_count
 .text.tu_fifo_empty
                0x100076d8        0xe CMakeFiles/thermistor.dir/C_/VSARM/sdk/pico/pico-sdk/lib/tinyusb/src/common/tusb_fifo.c.obj
                0x100076d8                tu_fifo_empty
 .text.tu_fifo_full
                0x100076e6       0x28 CMakeFiles/thermistor.dir/C_/VSARM/sdk/pico/pico-sdk/lib/tinyusb/src/common/tusb_fifo.c.obj
                0x100076e6                tu_fifo_full
 .text.tu_fifo_remaining
                0x1000770e       0x2c CMakeFiles/thermistor.dir/C_/VSARM/sdk/pico/pico-sdk/lib/tinyusb/src/common/tusb_fifo.c.obj
                0x1000770e                tu_fifo_remaining
 .text.tu_fifo_read
                0x1000773a       0x42 CMakeFiles/thermistor.dir/C_/VSARM/sdk/pico/pico-sdk/lib/tinyusb/src/common/tusb_fifo.c.obj
                0x1000773a                tu_fifo_read
 .text.tu_fifo_read_n
                0x1000777c        0xa CMakeFiles/thermistor.dir/C_/VSARM/sdk/pico/pico-sdk/lib/tinyusb/src/common/tusb_fifo.c.obj
                0x1000777c                tu_fifo_read_n
 .text.tu_fifo_write
                0x10007786       0x64 CMakeFiles/thermistor.dir/C_/VSARM/sdk/pico/pico-sdk/lib/tinyusb/src/common/tusb_fifo.c.obj
                0x10007786                tu_fifo_write
 .text.tu_fifo_write_n
                0x100077ea        0xa CMakeFiles/thermistor.dir/C_/VSARM/sdk/pico/pico-sdk/lib/tinyusb/src/common/tusb_fifo.c.obj
                0x100077ea                tu_fifo_write_n
 .text.tu_fifo_clear
                0x100077f4       0x3e CMakeFiles/thermistor.dir/C_/VSARM/sdk/pico/pico-sdk/lib/tinyusb/src/common/tusb_fifo.c.obj
                0x100077f4                tu_fifo_clear
 .text.tu_fifo_set_overwritable
                0x10007832       0x46 CMakeFiles/thermistor.dir/C_/VSARM/sdk/pico/pico-sdk/lib/tinyusb/src/common/tusb_fifo.c.obj
                0x10007832                tu_fifo_set_overwritable
 .text.adc_init
                0x10007878       0x34 CMakeFiles/thermistor.dir/C_/VSARM/sdk/pico/pico-sdk/src/rp2_common/hardware_adc/adc.c.obj
                0x10007878                adc_init
 .text.strlen   0x100078ac       0x5c c:/vsarm/armcc/12977f~1.2mp/bin/../lib/gcc/arm-none-eabi/12.2.1/thumb/v6-m/nofp\libg.a(libc_a-strlen-stub.o)
                0x100078ac                strlen
 *(.fini)
 .fini          0x10007908        0x4 c:/vsarm/armcc/12977f~1.2mp/bin/../lib/gcc/arm-none-eabi/12.2.1/thumb/v6-m/nofp/crti.o
                0x10007908                _fini
 *fill*         0x1000790c        0x4 
 .fini.__stub   0x10007910       0xe0 linker stubs
 *crtbegin.o(.ctors)
 *crtbegin?.o(.ctors)
 *(EXCLUDE_FILE(*crtend.o *crtend?.o) .ctors)
 *(SORT_BY_NAME(.ctors.*))
 *(.ctors)
 *crtbegin.o(.dtors)
 *crtbegin?.o(.dtors)
 *(EXCLUDE_FILE(*crtend.o *crtend?.o) .dtors)
 *(SORT_BY_NAME(.dtors.*))
 *(.dtors)
 *(.eh_frame*)
 .eh_frame      0x100079f0        0x0 c:/vsarm/armcc/12977f~1.2mp/bin/../lib/gcc/arm-none-eabi/12.2.1/thumb/v6-m/nofp/crtbegin.o
                0x100079f0                        . = ALIGN (0x4)

.glue_7         0x100079f0        0x0
 .glue_7        0x100079f0        0x0 linker stubs

.glue_7t        0x100079f0        0x0
 .glue_7t       0x100079f0        0x0 linker stubs

.vfp11_veneer   0x100079f0        0x0
 .vfp11_veneer  0x100079f0        0x0 linker stubs

.v4_bx          0x100079f0        0x0
 .v4_bx         0x100079f0        0x0 linker stubs

.iplt           0x100079f0        0x0
 .iplt          0x100079f0        0x0 c:/vsarm/armcc/12977f~1.2mp/bin/../lib/gcc/arm-none-eabi/12.2.1/thumb/v6-m/nofp/crtbegin.o

.rodata         0x100079f0     0x1550
 *(EXCLUDE_FILE(*libm.a: *libc.a:*lib_a-mem*.o *libgcc.a:) .rodata*)
 .rodata.main.str1.4
                0x100079f0       0x41 CMakeFiles/thermistor.dir/thermistor.cpp.obj
 *fill*         0x10007a31        0x3 
 .rodata.spin_lock_claim_unused.str1.4
                0x10007a34       0x1b CMakeFiles/thermistor.dir/C_/VSARM/sdk/pico/pico-sdk/src/rp2_common/hardware_sync/sync.c.obj
 *fill*         0x10007a4f        0x1 
 .rodata.resolve_branch.str1.4
                0x10007a50       0x55 CMakeFiles/thermistor.dir/C_/VSARM/sdk/pico/pico-sdk/src/rp2_common/hardware_irq/irq.c.obj
 *fill*         0x10007aa5        0x3 
 .rodata.make_branch.str1.4
                0x10007aa8       0x30 CMakeFiles/thermistor.dir/C_/VSARM/sdk/pico/pico-sdk/src/rp2_common/hardware_irq/irq.c.obj
 .rodata.insert_branch_and_link.str1.4
                0x10007ad8       0x10 CMakeFiles/thermistor.dir/C_/VSARM/sdk/pico/pico-sdk/src/rp2_common/hardware_irq/irq.c.obj
 .rodata.irq_set_exclusive_handler.str1.4
                0x10007ae8       0x36 CMakeFiles/thermistor.dir/C_/VSARM/sdk/pico/pico-sdk/src/rp2_common/hardware_irq/irq.c.obj
 *fill*         0x10007b1e        0x2 
 .rodata.irq_add_shared_handler.str1.4
                0x10007b20       0xc2 CMakeFiles/thermistor.dir/C_/VSARM/sdk/pico/pico-sdk/src/rp2_common/hardware_irq/irq.c.obj
 *fill*         0x10007be2        0x2 
 .rodata.irq_remove_handler.str1.4
                0x10007be4       0x3a CMakeFiles/thermistor.dir/C_/VSARM/sdk/pico/pico-sdk/src/rp2_common/hardware_irq/irq.c.obj
 *fill*         0x10007c1e        0x2 
 .rodata.irq_add_tail_to_free_list.str1.4
                0x10007c20       0x3a CMakeFiles/thermistor.dir/C_/VSARM/sdk/pico/pico-sdk/src/rp2_common/hardware_irq/irq.c.obj
 *fill*         0x10007c5a        0x2 
 .rodata.user_irq_claim_unused.str1.4
                0x10007c5c       0x1b CMakeFiles/thermistor.dir/C_/VSARM/sdk/pico/pico-sdk/src/rp2_common/hardware_irq/irq.c.obj
 *fill*         0x10007c77        0x1 
 .rodata.__func__.0
                0x10007c78       0x1a CMakeFiles/thermistor.dir/C_/VSARM/sdk/pico/pico-sdk/src/rp2_common/hardware_irq/irq.c.obj
 *fill*         0x10007c92        0x2 
 .rodata.__func__.1
                0x10007c94       0x17 CMakeFiles/thermistor.dir/C_/VSARM/sdk/pico/pico-sdk/src/rp2_common/hardware_irq/irq.c.obj
 *fill*         0x10007cab        0x1 
 .rodata.__func__.2
                0x10007cac       0x13 CMakeFiles/thermistor.dir/C_/VSARM/sdk/pico/pico-sdk/src/rp2_common/hardware_irq/irq.c.obj
 *fill*         0x10007cbf        0x1 
 .rodata.__func__.3
                0x10007cc0        0xc CMakeFiles/thermistor.dir/C_/VSARM/sdk/pico/pico-sdk/src/rp2_common/hardware_irq/irq.c.obj
 .rodata.__func__.4
                0x10007ccc        0xf CMakeFiles/thermistor.dir/C_/VSARM/sdk/pico/pico-sdk/src/rp2_common/hardware_irq/irq.c.obj
 *fill*         0x10007cdb        0x1 
 .rodata.__func__.5
                0x10007cdc       0x17 CMakeFiles/thermistor.dir/C_/VSARM/sdk/pico/pico-sdk/src/rp2_common/hardware_irq/irq.c.obj
 *fill*         0x10007cf3        0x1 
 .rodata.__func__.6
                0x10007cf4       0x1a CMakeFiles/thermistor.dir/C_/VSARM/sdk/pico/pico-sdk/src/rp2_common/hardware_irq/irq.c.obj
 *fill*         0x10007d0e        0x2 
 .rodata.update_us_since_boot.str1.4
                0x10007d10       0x61 CMakeFiles/thermistor.dir/C_/VSARM/sdk/pico/pico-sdk/src/common/pico_sync/mutex.c.obj
 *fill*         0x10007d71        0x3 
 .rodata.str1.4
                0x10007d74       0x89 CMakeFiles/thermistor.dir/C_/VSARM/sdk/pico/pico-sdk/src/common/pico_sync/mutex.c.obj
 *fill*         0x10007dfd        0x3 
 .rodata.__func__.1
                0x10007e00        0xb CMakeFiles/thermistor.dir/C_/VSARM/sdk/pico/pico-sdk/src/common/pico_sync/mutex.c.obj
 *fill*         0x10007e0b        0x1 
 .rodata.__func__.3
                0x10007e0c       0x18 CMakeFiles/thermistor.dir/C_/VSARM/sdk/pico/pico-sdk/src/common/pico_sync/mutex.c.obj
 .rodata.__func__.4
                0x10007e24       0x15 CMakeFiles/thermistor.dir/C_/VSARM/sdk/pico/pico-sdk/src/common/pico_sync/mutex.c.obj
 *fill*         0x10007e39        0x3 
 .rodata.get_entry.str1.4
                0x10007e3c       0x5b CMakeFiles/thermistor.dir/C_/VSARM/sdk/pico/pico-sdk/src/common/pico_time/time.c.obj
 .rodata.update_us_since_boot.str1.4
                0x10007e97       0x61 CMakeFiles/thermistor.dir/C_/VSARM/sdk/pico/pico-sdk/src/common/pico_time/time.c.obj
 *fill*         0x10007e97        0x1 
 .rodata.ph_get_node.str1.4
                0x10007e98       0x66 CMakeFiles/thermistor.dir/C_/VSARM/sdk/pico/pico-sdk/src/common/pico_time/time.c.obj
 *fill*         0x10007efe        0x2 
 .rodata.ph_add_child_node.str1.4
                0x10007f00       0x2e CMakeFiles/thermistor.dir/C_/VSARM/sdk/pico/pico-sdk/src/common/pico_time/time.c.obj
 *fill*         0x10007f2e        0x2 
 .rodata.ph_insert_node.str1.4
                0x10007f30        0x3 CMakeFiles/thermistor.dir/C_/VSARM/sdk/pico/pico-sdk/src/common/pico_time/time.c.obj
 *fill*         0x10007f33        0x1 
 .rodata.ph_free_node.str1.4
                0x10007f34       0x38 CMakeFiles/thermistor.dir/C_/VSARM/sdk/pico/pico-sdk/src/common/pico_time/time.c.obj
 .rodata.add_alarm_under_lock.str1.4
                0x10007f6c       0x28 CMakeFiles/thermistor.dir/C_/VSARM/sdk/pico/pico-sdk/src/common/pico_time/time.c.obj
 .rodata.alarm_pool_alarm_callback.str1.4
                0x10007f94       0x60 CMakeFiles/thermistor.dir/C_/VSARM/sdk/pico/pico-sdk/src/common/pico_time/time.c.obj
 .rodata.alarm_pool_get_default.str1.4
                0x10007ff4       0x21 CMakeFiles/thermistor.dir/C_/VSARM/sdk/pico/pico-sdk/src/common/pico_time/time.c.obj
 *fill*         0x10008015        0x3 
 .rodata.alarm_pool_cancel_alarm.str1.4
                0x10008018       0x27 CMakeFiles/thermistor.dir/C_/VSARM/sdk/pico/pico-sdk/src/common/pico_time/time.c.obj
 *fill*         0x1000803f        0x1 
 .rodata.sleep_until.str1.4
                0x10008040       0x4d CMakeFiles/thermistor.dir/C_/VSARM/sdk/pico/pico-sdk/src/common/pico_time/time.c.obj
 *fill*         0x1000808d        0x3 
 .rodata.__func__.1
                0x10008090       0x18 CMakeFiles/thermistor.dir/C_/VSARM/sdk/pico/pico-sdk/src/common/pico_time/time.c.obj
 .rodata.__func__.3
                0x100080a8       0x17 CMakeFiles/thermistor.dir/C_/VSARM/sdk/pico/pico-sdk/src/common/pico_time/time.c.obj
 *fill*         0x100080bf        0x1 
 .rodata.__func__.4
                0x100080c0       0x12 CMakeFiles/thermistor.dir/C_/VSARM/sdk/pico/pico-sdk/src/common/pico_time/time.c.obj
 *fill*         0x100080d2        0x2 
 .rodata.__func__.5
                0x100080d4        0xd CMakeFiles/thermistor.dir/C_/VSARM/sdk/pico/pico-sdk/src/common/pico_time/time.c.obj
 *fill*         0x100080e1        0x3 
 .rodata.__func__.6
                0x100080e4       0x12 CMakeFiles/thermistor.dir/C_/VSARM/sdk/pico/pico-sdk/src/common/pico_time/time.c.obj
 *fill*         0x100080f6        0x2 
 .rodata.__func__.7
                0x100080f8        0xf CMakeFiles/thermistor.dir/C_/VSARM/sdk/pico/pico-sdk/src/common/pico_time/time.c.obj
 *fill*         0x10008107        0x1 
 .rodata.__func__.8
                0x10008108        0xc CMakeFiles/thermistor.dir/C_/VSARM/sdk/pico/pico-sdk/src/common/pico_time/time.c.obj
 .rodata.__func__.9
                0x10008114       0x15 CMakeFiles/thermistor.dir/C_/VSARM/sdk/pico/pico-sdk/src/common/pico_time/time.c.obj
 *fill*         0x10008129        0x3 
 .rodata.__func__.10
                0x1000812c       0x15 CMakeFiles/thermistor.dir/C_/VSARM/sdk/pico/pico-sdk/src/common/pico_time/time.c.obj
 *fill*         0x10008141        0x3 
 .rodata.__func__.11
                0x10008144       0x1a CMakeFiles/thermistor.dir/C_/VSARM/sdk/pico/pico-sdk/src/common/pico_time/time.c.obj
 *fill*         0x1000815e        0x2 
 .rodata.__func__.12
                0x10008160        0xa CMakeFiles/thermistor.dir/C_/VSARM/sdk/pico/pico-sdk/src/common/pico_time/time.c.obj
 *fill*         0x1000816a        0x2 
 .rodata.hardware_alarm_claim.str1.4
                0x1000816c       0x22 CMakeFiles/thermistor.dir/C_/VSARM/sdk/pico/pico-sdk/src/rp2_common/hardware_timer/timer.c.obj
 *fill*         0x1000818e        0x2 
 .rodata.hardware_alarm_set_target.str1.4
                0x10008190       0x65 CMakeFiles/thermistor.dir/C_/VSARM/sdk/pico/pico-sdk/src/rp2_common/hardware_timer/timer.c.obj
 *fill*         0x100081f5        0x3 
 .rodata.__func__.0
                0x100081f8       0x1a CMakeFiles/thermistor.dir/C_/VSARM/sdk/pico/pico-sdk/src/rp2_common/hardware_timer/timer.c.obj
 .rodata.ph_get_node.str1.4
                0x10008212       0x66 CMakeFiles/thermistor.dir/C_/VSARM/sdk/pico/pico-sdk/src/common/pico_util/pheap.c.obj
 .rodata.ph_add_child_node.str1.4
                0x10008212       0x2e CMakeFiles/thermistor.dir/C_/VSARM/sdk/pico/pico-sdk/src/common/pico_util/pheap.c.obj
 *fill*         0x10008212        0x2 
 .rodata.ph_remove_any_head.str1.4
                0x10008214       0x8c CMakeFiles/thermistor.dir/C_/VSARM/sdk/pico/pico-sdk/src/common/pico_util/pheap.c.obj
                                 0xa0 (size before relaxing)
 .rodata.ph_remove_and_free_node.str1.4
                0x100082a0       0x1e CMakeFiles/thermistor.dir/C_/VSARM/sdk/pico/pico-sdk/src/common/pico_util/pheap.c.obj
                                 0x26 (size before relaxing)
 *fill*         0x100082be        0x2 
 .rodata.__func__.0
                0x100082c0       0x18 CMakeFiles/thermistor.dir/C_/VSARM/sdk/pico/pico-sdk/src/common/pico_util/pheap.c.obj
 .rodata.__func__.1
                0x100082d8       0x13 CMakeFiles/thermistor.dir/C_/VSARM/sdk/pico/pico-sdk/src/common/pico_util/pheap.c.obj
 *fill*         0x100082eb        0x1 
 .rodata.__func__.2
                0x100082ec       0x12 CMakeFiles/thermistor.dir/C_/VSARM/sdk/pico/pico-sdk/src/common/pico_util/pheap.c.obj
 *fill*         0x100082fe        0x2 
 .rodata.__func__.3
                0x10008300        0xc CMakeFiles/thermistor.dir/C_/VSARM/sdk/pico/pico-sdk/src/common/pico_util/pheap.c.obj
 .rodata.clock_configure.str1.4
                0x1000830c       0x57 CMakeFiles/thermistor.dir/C_/VSARM/sdk/pico/pico-sdk/src/rp2_common/hardware_clocks/clocks.c.obj
 *fill*         0x10008363        0x1 
 .rodata.__func__.1
                0x10008364       0x10 CMakeFiles/thermistor.dir/C_/VSARM/sdk/pico/pico-sdk/src/rp2_common/hardware_clocks/clocks.c.obj
 .rodata.pll_init.str1.4
                0x10008374      0x123 CMakeFiles/thermistor.dir/C_/VSARM/sdk/pico/pico-sdk/src/rp2_common/hardware_pll/pll.c.obj
 *fill*         0x10008497        0x1 
 .rodata.__func__.0
                0x10008498        0x9 CMakeFiles/thermistor.dir/C_/VSARM/sdk/pico/pico-sdk/src/rp2_common/hardware_pll/pll.c.obj
 *fill*         0x100084a1        0x3 
 .rodata.__assert_func.str1.4
                0x100084a4       0x3f CMakeFiles/thermistor.dir/C_/VSARM/sdk/pico/pico-sdk/src/rp2_common/pico_runtime/runtime.c.obj
                                 0x43 (size before relaxing)
 *fill*         0x100084e3        0x1 
 .rodata.runtime_init.str1.4
                0x100084e4       0x61 CMakeFiles/thermistor.dir/C_/VSARM/sdk/pico/pico-sdk/src/rp2_common/pico_runtime/runtime.c.obj
 *fill*         0x10008545        0x3 
 .rodata.panic.str1.4
                0x10008548       0x12 CMakeFiles/thermistor.dir/C_/VSARM/sdk/pico/pico-sdk/src/rp2_common/pico_runtime/runtime.c.obj
 *fill*         0x1000855a        0x2 
 .rodata.__func__.2
                0x1000855c        0xd CMakeFiles/thermistor.dir/C_/VSARM/sdk/pico/pico-sdk/src/rp2_common/pico_runtime/runtime.c.obj
 *fill*         0x10008569        0x3 
 .rodata._ftoa.str1.4
                0x1000856c       0x15 CMakeFiles/thermistor.dir/C_/VSARM/sdk/pico/pico-sdk/src/rp2_common/pico_printf/printf.c.obj
 *fill*         0x10008581        0x3 
 .rodata._vsnprintf
                0x10008584      0x19c CMakeFiles/thermistor.dir/C_/VSARM/sdk/pico/pico-sdk/src/rp2_common/pico_printf/printf.c.obj
 .rodata.pow10.0
                0x10008720       0x50 CMakeFiles/thermistor.dir/C_/VSARM/sdk/pico/pico-sdk/src/rp2_common/pico_printf/printf.c.obj
 .rodata.__aeabi_double_init.str1.4
                0x10008770       0xa8 CMakeFiles/thermistor.dir/C_/VSARM/sdk/pico/pico-sdk/src/rp2_common/pico_double/double_init_rom.c.obj
 .rodata.__func__.0
                0x10008818       0x14 CMakeFiles/thermistor.dir/C_/VSARM/sdk/pico/pico-sdk/src/rp2_common/pico_double/double_init_rom.c.obj
 .rodata.__aeabi_float_init.str1.4
                0x1000882c       0x7a CMakeFiles/thermistor.dir/C_/VSARM/sdk/pico/pico-sdk/src/rp2_common/pico_float/float_init_rom.c.obj
                                 0x7e (size before relaxing)
 *fill*         0x100088a6        0x2 
 .rodata.__func__.0
                0x100088a8       0x13 CMakeFiles/thermistor.dir/C_/VSARM/sdk/pico/pico-sdk/src/rp2_common/pico_float/float_init_rom.c.obj
 *fill*         0x100088bb        0x1 
 .rodata.str1.4
                0x100088bc       0x40 CMakeFiles/thermistor.dir/C_/VSARM/sdk/pico/pico-sdk/src/rp2_common/pico_standard_link/binary_info.c.obj
 .rodata.__bi_81
                0x100088fc        0xc CMakeFiles/thermistor.dir/C_/VSARM/sdk/pico/pico-sdk/src/rp2_common/pico_standard_link/binary_info.c.obj
 .rodata.__bi_75
                0x10008908        0xc CMakeFiles/thermistor.dir/C_/VSARM/sdk/pico/pico-sdk/src/rp2_common/pico_standard_link/binary_info.c.obj
 .rodata.__bi_44
                0x10008914        0xc CMakeFiles/thermistor.dir/C_/VSARM/sdk/pico/pico-sdk/src/rp2_common/pico_standard_link/binary_info.c.obj
 .rodata.update_us_since_boot.str1.4
                0x10008920       0x61 CMakeFiles/thermistor.dir/C_/VSARM/sdk/pico/pico-sdk/src/rp2_common/pico_stdio/stdio.c.obj
 .rodata.crlf_str.2
                0x10008920        0x2 CMakeFiles/thermistor.dir/C_/VSARM/sdk/pico/pico-sdk/src/rp2_common/pico_stdio/stdio.c.obj
 *fill*         0x10008922        0x2 
 .rodata.__func__.3
                0x10008924       0x15 CMakeFiles/thermistor.dir/C_/VSARM/sdk/pico/pico-sdk/src/rp2_common/pico_stdio/stdio.c.obj
 *fill*         0x10008939        0x3 
 .rodata._resetd_driver
                0x1000893c       0x18 CMakeFiles/thermistor.dir/C_/VSARM/sdk/pico/pico-sdk/src/rp2_common/pico_stdio_usb/reset_interface.c.obj
 .rodata.update_us_since_boot.str1.4
                0x10008954       0x61 CMakeFiles/thermistor.dir/C_/VSARM/sdk/pico/pico-sdk/src/rp2_common/pico_stdio_usb/stdio_usb.c.obj
 .rodata.stdio_usb_init.str1.4
                0x10008954       0x45 CMakeFiles/thermistor.dir/C_/VSARM/sdk/pico/pico-sdk/src/rp2_common/pico_stdio_usb/stdio_usb.c.obj
                                 0x4d (size before relaxing)
 *fill*         0x10008999        0x3 
 .rodata.str1.4
                0x1000899c       0x13 CMakeFiles/thermistor.dir/C_/VSARM/sdk/pico/pico-sdk/src/rp2_common/pico_stdio_usb/stdio_usb.c.obj
 *fill*         0x100089af        0x1 
 .rodata.__bi_188.0
                0x100089b0        0xc CMakeFiles/thermistor.dir/C_/VSARM/sdk/pico/pico-sdk/src/rp2_common/pico_stdio_usb/stdio_usb.c.obj
 .rodata.__func__.1
                0x100089bc        0xf CMakeFiles/thermistor.dir/C_/VSARM/sdk/pico/pico-sdk/src/rp2_common/pico_stdio_usb/stdio_usb.c.obj
 *fill*         0x100089cb        0x1 
 .rodata.__func__.3
                0x100089cc       0x15 CMakeFiles/thermistor.dir/C_/VSARM/sdk/pico/pico-sdk/src/rp2_common/pico_stdio_usb/stdio_usb.c.obj
 *fill*         0x100089e1        0x3 
 .rodata.str1.4
                0x100089e4       0x2a CMakeFiles/thermistor.dir/C_/VSARM/sdk/pico/pico-sdk/src/rp2_common/pico_stdio_usb/stdio_usb_descriptors.c.obj
 *fill*         0x10008a0e        0x2 
 .rodata.usbd_desc_str
                0x10008a10       0x18 CMakeFiles/thermistor.dir/C_/VSARM/sdk/pico/pico-sdk/src/rp2_common/pico_stdio_usb/stdio_usb_descriptors.c.obj
 .rodata.usbd_desc_cfg
                0x10008a28       0x54 CMakeFiles/thermistor.dir/C_/VSARM/sdk/pico/pico-sdk/src/rp2_common/pico_stdio_usb/stdio_usb_descriptors.c.obj
 .rodata.usbd_desc_device
                0x10008a7c       0x12 CMakeFiles/thermistor.dir/C_/VSARM/sdk/pico/pico-sdk/src/rp2_common/pico_stdio_usb/stdio_usb_descriptors.c.obj
 *fill*         0x10008a8e        0x2 
 .rodata.pico_get_unique_board_id_string.str1.4
                0x10008a90       0x4d CMakeFiles/thermistor.dir/C_/VSARM/sdk/pico/pico-sdk/src/rp2_common/pico_unique_id/unique_id.c.obj
 *fill*         0x10008add        0x3 
 .rodata.__func__.0
                0x10008ae0       0x20 CMakeFiles/thermistor.dir/C_/VSARM/sdk/pico/pico-sdk/src/rp2_common/pico_unique_id/unique_id.c.obj
 .rodata.str1.4
                0x10008b00      0x15a CMakeFiles/thermistor.dir/C_/VSARM/sdk/pico/pico-sdk/src/rp2_common/hardware_flash/flash.c.obj
 *fill*         0x10008c5a        0x2 
 .rodata.__func__.0
                0x10008c5c        0xd CMakeFiles/thermistor.dir/C_/VSARM/sdk/pico/pico-sdk/src/rp2_common/hardware_flash/flash.c.obj
 *fill*         0x10008c69        0x3 
 .rodata._hw_endpoint_alloc.str1.4
                0x10008c6c       0xb5 CMakeFiles/thermistor.dir/C_/VSARM/sdk/pico/pico-sdk/lib/tinyusb/src/portable/raspberrypi/rp2040/dcd_rp2040.c.obj
 *fill*         0x10008d21        0x3 
 .rodata.str1.4
                0x10008d24       0x14 CMakeFiles/thermistor.dir/C_/VSARM/sdk/pico/pico-sdk/lib/tinyusb/src/portable/raspberrypi/rp2040/dcd_rp2040.c.obj
 .rodata.dcd_int_enable.str1.4
                0x10008d38        0xc CMakeFiles/thermistor.dir/C_/VSARM/sdk/pico/pico-sdk/lib/tinyusb/src/portable/raspberrypi/rp2040/dcd_rp2040.c.obj
 .rodata.__func__.0
                0x10008d44        0xe CMakeFiles/thermistor.dir/C_/VSARM/sdk/pico/pico-sdk/lib/tinyusb/src/portable/raspberrypi/rp2040/dcd_rp2040.c.obj
 *fill*         0x10008d52        0x2 
 .rodata.__func__.1
                0x10008d54        0xe CMakeFiles/thermistor.dir/C_/VSARM/sdk/pico/pico-sdk/lib/tinyusb/src/portable/raspberrypi/rp2040/dcd_rp2040.c.obj
 *fill*         0x10008d62        0x2 
 .rodata.__func__.3
                0x10008d64       0x10 CMakeFiles/thermistor.dir/C_/VSARM/sdk/pico/pico-sdk/lib/tinyusb/src/portable/raspberrypi/rp2040/dcd_rp2040.c.obj
 .rodata.__func__.5
                0x10008d74        0xf CMakeFiles/thermistor.dir/C_/VSARM/sdk/pico/pico-sdk/lib/tinyusb/src/portable/raspberrypi/rp2040/dcd_rp2040.c.obj
 *fill*         0x10008d83        0x1 
 .rodata.__func__.6
                0x10008d84       0x13 CMakeFiles/thermistor.dir/C_/VSARM/sdk/pico/pico-sdk/lib/tinyusb/src/portable/raspberrypi/rp2040/dcd_rp2040.c.obj
 *fill*         0x10008d97        0x1 
 .rodata.__func__.7
                0x10008d98        0x9 CMakeFiles/thermistor.dir/C_/VSARM/sdk/pico/pico-sdk/lib/tinyusb/src/portable/raspberrypi/rp2040/dcd_rp2040.c.obj
 *fill*         0x10008da1        0x3 
 .rodata.str1.4
                0x10008da4       0xe7 CMakeFiles/thermistor.dir/C_/VSARM/sdk/pico/pico-sdk/lib/tinyusb/src/portable/raspberrypi/rp2040/rp2040_usb.c.obj
 *fill*         0x10008e8b        0x1 
 .rodata.__func__.0
                0x10008e8c        0xf CMakeFiles/thermistor.dir/C_/VSARM/sdk/pico/pico-sdk/lib/tinyusb/src/portable/raspberrypi/rp2040/rp2040_usb.c.obj
 *fill*         0x10008e9b        0x1 
 .rodata.process_get_descriptor
                0x10008e9c       0x40 CMakeFiles/thermistor.dir/C_/VSARM/sdk/pico/pico-sdk/lib/tinyusb/src/device/usbd.c.obj
 .rodata.process_control_request
                0x10008edc       0x28 CMakeFiles/thermistor.dir/C_/VSARM/sdk/pico/pico-sdk/lib/tinyusb/src/device/usbd.c.obj
 .rodata.tud_task_ext
                0x10008f04       0x24 CMakeFiles/thermistor.dir/C_/VSARM/sdk/pico/pico-sdk/lib/tinyusb/src/device/usbd.c.obj
 .rodata._usbd_driver
                0x10008f28       0x18 CMakeFiles/thermistor.dir/C_/VSARM/sdk/pico/pico-sdk/lib/tinyusb/src/device/usbd.c.obj
                0x10008f40                        . = ALIGN (0x4)
 *(SORT_BY_ALIGNMENT(SORT_BY_NAME(.flashdata*)))
                0x10008f40                        . = ALIGN (0x4)

.rel.dyn        0x10008f40        0x0
 .rel.iplt      0x10008f40        0x0 c:/vsarm/armcc/12977f~1.2mp/bin/../lib/gcc/arm-none-eabi/12.2.1/thumb/v6-m/nofp/crtbegin.o

.ARM.extab
 *(.ARM.extab* .gnu.linkonce.armextab.*)
                0x10008f40                        __exidx_start = .

.ARM.exidx
 *(.ARM.exidx* .gnu.linkonce.armexidx.*)
                0x10008f40                        __exidx_end = .
                0x10008f40                        . = ALIGN (0x4)
                0x10008f40                        __binary_info_start = .

.binary_info    0x10008f40       0x20
 *(.binary_info.keep.*)
 .binary_info.keep.__bi_ptr81
                0x10008f40        0x4 CMakeFiles/thermistor.dir/C_/VSARM/sdk/pico/pico-sdk/src/rp2_common/pico_standard_link/binary_info.c.obj
 .binary_info.keep.__bi_ptr75
                0x10008f44        0x4 CMakeFiles/thermistor.dir/C_/VSARM/sdk/pico/pico-sdk/src/rp2_common/pico_standard_link/binary_info.c.obj
 .binary_info.keep.__bi_ptr50
                0x10008f48        0x4 CMakeFiles/thermistor.dir/C_/VSARM/sdk/pico/pico-sdk/src/rp2_common/pico_standard_link/binary_info.c.obj
 .binary_info.keep.__bi_ptr44
                0x10008f4c        0x4 CMakeFiles/thermistor.dir/C_/VSARM/sdk/pico/pico-sdk/src/rp2_common/pico_standard_link/binary_info.c.obj
 .binary_info.keep.__bi_ptr38
                0x10008f50        0x4 CMakeFiles/thermistor.dir/C_/VSARM/sdk/pico/pico-sdk/src/rp2_common/pico_standard_link/binary_info.c.obj
 .binary_info.keep.__bi_ptr30
                0x10008f54        0x4 CMakeFiles/thermistor.dir/C_/VSARM/sdk/pico/pico-sdk/src/rp2_common/pico_standard_link/binary_info.c.obj
 .binary_info.keep.__bi_ptr22
                0x10008f58        0x4 CMakeFiles/thermistor.dir/C_/VSARM/sdk/pico/pico-sdk/src/rp2_common/pico_standard_link/binary_info.c.obj
 *(.binary_info.*)
 .binary_info.__bi_ptr188
                0x10008f5c        0x4 CMakeFiles/thermistor.dir/C_/VSARM/sdk/pico/pico-sdk/src/rp2_common/pico_stdio_usb/stdio_usb.c.obj
                0x10008f60                        __binary_info_end = .
                0x10008f60                        . = ALIGN (0x4)
                0x10008f60                        __etext = .

.ram_vector_table
                0x20000000       0xc0
 *(.ram_vector_table)
 .ram_vector_table
                0x20000000       0xc0 CMakeFiles/thermistor.dir/C_/VSARM/sdk/pico/pico-sdk/src/rp2_common/pico_runtime/runtime.c.obj
                0x20000000                ram_vector_table

.data           0x200000c0      0xb60 load address 0x10008f60
                0x200000c0                        __data_start__ = .
 *(vtable)
 *(.time_critical*)
 .time_critical.mutex_try_enter
                0x200000c0       0x46 CMakeFiles/thermistor.dir/C_/VSARM/sdk/pico/pico-sdk/src/common/pico_sync/mutex.c.obj
                0x200000c0                mutex_try_enter
 *fill*         0x20000106        0x2 
 .time_critical.mutex_enter_block_until
                0x20000108       0x8c CMakeFiles/thermistor.dir/C_/VSARM/sdk/pico/pico-sdk/src/common/pico_sync/mutex.c.obj
                0x20000108                mutex_enter_block_until
 .time_critical.mutex_try_enter_block_until
                0x20000194       0x34 CMakeFiles/thermistor.dir/C_/VSARM/sdk/pico/pico-sdk/src/common/pico_sync/mutex.c.obj
                0x20000194                mutex_try_enter_block_until
 .time_critical.mutex_enter_timeout_ms
                0x200001c8       0x1a CMakeFiles/thermistor.dir/C_/VSARM/sdk/pico/pico-sdk/src/common/pico_sync/mutex.c.obj
                0x200001c8                mutex_enter_timeout_ms
 *fill*         0x200001e2        0x2 
 .time_critical.mutex_exit
                0x200001e4       0x4c CMakeFiles/thermistor.dir/C_/VSARM/sdk/pico/pico-sdk/src/common/pico_sync/mutex.c.obj
                0x200001e4                mutex_exit
 .time_critical.flash_init_boot2_copyout
                0x20000230       0x30 CMakeFiles/thermistor.dir/C_/VSARM/sdk/pico/pico-sdk/src/rp2_common/hardware_flash/flash.c.obj
 .time_critical.flash_enable_xip_via_boot2
                0x20000260        0xc CMakeFiles/thermistor.dir/C_/VSARM/sdk/pico/pico-sdk/src/rp2_common/hardware_flash/flash.c.obj
 .time_critical.flash_cs_force
                0x2000026c       0x28 CMakeFiles/thermistor.dir/C_/VSARM/sdk/pico/pico-sdk/src/rp2_common/hardware_flash/flash.c.obj
 .time_critical.flash_do_cmd
                0x20000294       0xd8 CMakeFiles/thermistor.dir/C_/VSARM/sdk/pico/pico-sdk/src/rp2_common/hardware_flash/flash.c.obj
                0x20000294                flash_do_cmd
 .time_critical.reset_non_control_endpoints
                0x2000036c       0x40 CMakeFiles/thermistor.dir/C_/VSARM/sdk/pico/pico-sdk/lib/tinyusb/src/portable/raspberrypi/rp2040/dcd_rp2040.c.obj
 .time_critical.hw_handle_buff_status
                0x200003ac       0xa4 CMakeFiles/thermistor.dir/C_/VSARM/sdk/pico/pico-sdk/lib/tinyusb/src/portable/raspberrypi/rp2040/dcd_rp2040.c.obj
 .time_critical.dcd_rp2040_irq
                0x20000450      0x1b8 CMakeFiles/thermistor.dir/C_/VSARM/sdk/pico/pico-sdk/lib/tinyusb/src/portable/raspberrypi/rp2040/dcd_rp2040.c.obj
 .time_critical.e15_is_bulkin_ep
                0x20000608       0x2c CMakeFiles/thermistor.dir/C_/VSARM/sdk/pico/pico-sdk/lib/tinyusb/src/portable/raspberrypi/rp2040/rp2040_usb.c.obj
 .time_critical.e15_is_critical_frame_period
                0x20000634       0x30 CMakeFiles/thermistor.dir/C_/VSARM/sdk/pico/pico-sdk/lib/tinyusb/src/portable/raspberrypi/rp2040/rp2040_usb.c.obj
 .time_critical.prepare_ep_buffer
                0x20000664       0x6c CMakeFiles/thermistor.dir/C_/VSARM/sdk/pico/pico-sdk/lib/tinyusb/src/portable/raspberrypi/rp2040/rp2040_usb.c.obj
 .time_critical.sync_ep_buffer
                0x200006d0       0x7c CMakeFiles/thermistor.dir/C_/VSARM/sdk/pico/pico-sdk/lib/tinyusb/src/portable/raspberrypi/rp2040/rp2040_usb.c.obj
 .time_critical._hw_endpoint_xfer_sync
                0x2000074c       0x28 CMakeFiles/thermistor.dir/C_/VSARM/sdk/pico/pico-sdk/lib/tinyusb/src/portable/raspberrypi/rp2040/rp2040_usb.c.obj
 .time_critical.hw_endpoint_reset_transfer
                0x20000774        0xc CMakeFiles/thermistor.dir/C_/VSARM/sdk/pico/pico-sdk/lib/tinyusb/src/portable/raspberrypi/rp2040/rp2040_usb.c.obj
                0x20000774                hw_endpoint_reset_transfer
 .time_critical._hw_endpoint_buffer_control_update32
                0x20000780       0x58 CMakeFiles/thermistor.dir/C_/VSARM/sdk/pico/pico-sdk/lib/tinyusb/src/portable/raspberrypi/rp2040/rp2040_usb.c.obj
                0x20000780                _hw_endpoint_buffer_control_update32
 .time_critical.hw_endpoint_start_next_buffer
                0x200007d8       0x7c CMakeFiles/thermistor.dir/C_/VSARM/sdk/pico/pico-sdk/lib/tinyusb/src/portable/raspberrypi/rp2040/rp2040_usb.c.obj
                0x200007d8                hw_endpoint_start_next_buffer
 .time_critical.hw_endpoint_xfer_continue
                0x20000854       0x50 CMakeFiles/thermistor.dir/C_/VSARM/sdk/pico/pico-sdk/lib/tinyusb/src/portable/raspberrypi/rp2040/rp2040_usb.c.obj